test_base_world_content_epoch_and_stale_binding_rejected (test_persistent_semantic_binding.PersistentBindingTests) ... ok
test_changed_RGB_bytes_rejected (test_persistent_semantic_binding.PersistentBindingTests) ... ok
test_evidence_result_or_fake_provenance_or_ID_tampering_rejected (test_persistent_semantic_binding.PersistentBindingTests) ... ok
test_live_observation_calibration_FK_or_epoch_tamper_rejected (test_persistent_semantic_binding.PersistentBindingTests) ... ok
test_missing_duplicate_extra_geometry_IDs_rejected (test_persistent_semantic_binding.PersistentBindingTests) ... ok
test_old_20mm_gate_and_geometry_update_limit_unchanged (test_persistent_semantic_binding.PersistentBindingTests) ... ok
test_persistent_world_tampering_rejected_even_with_rehashed_ID (test_persistent_semantic_binding.PersistentBindingTests) ... ok
test_planned_refused_need_more_evidence_parse_and_never_execute (test_persistent_semantic_binding.PersistentBindingTests) ... ok
test_production_prepare_zero_calls_keeps_source_and_versions (test_persistent_semantic_binding.PersistentBindingTests) ... ok
test_publish_revision_two_preserves_every_nonsemantic_entity_field (test_persistent_semantic_binding.PersistentBindingTests) ... ok
test_query_target_robot_surfaces_and_green_unknown (test_persistent_semantic_binding.PersistentBindingTests) ... ok
test_receipt_actual_raw_schema_world_images (test_persistent_semantic_binding.PersistentBindingTests) ... ok
test_receipt_raw_schema_epoch_world_revision_tampering_rejected (test_persistent_semantic_binding.PersistentBindingTests) ... ok
test_restore_pinned_world_without_republishing_or_remeasuring (test_persistent_semantic_binding.PersistentBindingTests) ... ok
test_retained_archive_file_tamper_rejected_before_registration (test_persistent_semantic_binding.PersistentBindingTests) ... ok
test_shadow_different_task_or_target_rejected (test_persistent_semantic_binding.PersistentBindingTests) ... ok
test_shadow_output_tampering_rejected (test_persistent_semantic_binding.PersistentBindingTests) ... ok
test_stale_versions_after_model_started_reject_output (test_persistent_semantic_binding.PersistentBindingTests) ... ok
test_task_usable_tamper_cannot_grant_execution_even_after_fake_answer (test_persistent_semantic_binding.PersistentBindingTests) ... ok
test_wrong_manifest_pin_and_unregistered_source_rejected (test_persistent_semantic_binding.PersistentBindingTests) ... ok
test_real_input_fake_shadow_plan_never_reaches_owner (test_geometry_first_v2.ArchivedShadowTests) ... ok
test_real_input_rejects_wrong_world_read_set_and_unsent_images (test_geometry_first_v2.ArchivedShadowTests) ... ok
test_real_partial_W0_review_keeps_legacy_failure_and_schema (test_geometry_first_v2.ArchivedShadowTests) ... ok
test_all_depth_holes_unknown_no_models (test_geometry_first_v2.GeometryTests) ... ok
test_geometry_build_signature_cannot_accept_semantics (test_geometry_first_v2.GeometryTests) ... ok
test_invalid_plane_rejected (test_geometry_first_v2.GeometryTests) ... ok
test_duplicate_or_nonjson_raw_rejected_no_retries (test_geometry_first_v2.ReviewTests) ... ok
test_exact_preparation_zero_attempts_no_worker_or_auth_environment (test_geometry_first_v2.ReviewTests) ... ok
test_geometry_update_not_misrepresented_as_accepted (test_geometry_first_v2.ReviewTests) ... ok
test_grounding_bbox_requires_its_camera_evidence (test_geometry_first_v2.ReviewTests) ... ok
test_grounding_broker_parse_and_closed_schema_no_xyz_metadata_echo (test_geometry_first_v2.ReviewTests) ... ok
test_grounding_ids_unknown_extra_xyz_and_target_rejected (test_geometry_first_v2.ReviewTests) ... ok
test_grounding_partial_or_semantic_input_request_forbidden (test_geometry_first_v2.ReviewTests) ... ok
test_grounding_reassociation_request_refs_and_bbox (test_geometry_first_v2.ReviewTests) ... ok
test_review_eligibility_does_not_change_legacy_20mm_gate (test_geometry_first_v2.ReviewTests) ... ok
test_review_nonfinite_rejected (test_geometry_first_v2.ReviewTests) ... ok
test_review_wire_whitelist_and_three_images (test_geometry_first_v2.ReviewTests) ... ok
test_shadow_H_length_and_read_versions_rejected (test_geometry_first_v2.ReviewTests) ... ok
test_shadow_actual_robot_state_and_compact_context (test_geometry_first_v2.ReviewTests) ... ok
test_shadow_contradictory_refusal_rejected (test_geometry_first_v2.ReviewTests) ... ok
test_shadow_no_fake_source_stamp_or_unattached_evidence (test_geometry_first_v2.ReviewTests) ... ok
test_shadow_ready_never_action_ready_or_executable (test_geometry_first_v2.ReviewTests) ... ok
test_shadow_refusal_and_need_evidence_accepted (test_geometry_first_v2.ReviewTests) ... ok
test_shadow_schema_cannot_be_replaced (test_geometry_first_v2.ReviewTests) ... ok
test_shadow_stage_terminal_and_illegal_terminal (test_geometry_first_v2.ReviewTests) ... ok
test_shadow_stale_epoch_and_revision (test_geometry_first_v2.ReviewTests) ... ok
test_shadow_task_usable_pass_cannot_enter_supervisor (test_geometry_first_v2.ReviewTests) ... ok
test_shadow_true_grant_or_nonzero_K_rejected (test_geometry_first_v2.ReviewTests) ... ok
test_chunk_end_requests_A_not_semantic (test_geometry_first_v2.ScheduleTests) ... ok
test_critical_identity_event_interrupts_even_without_geometric_loss (test_geometry_first_v2.ScheduleTests) ... ok
test_each_semantic_event_only_if_task_relevant (test_geometry_first_v2.ScheduleTests) ... ok
test_geometry_deviation_clear_identity_cheap_update_no_semantic (test_geometry_first_v2.ScheduleTests) ... ok
test_missing_or_out_of_order_update_rejected (test_geometry_first_v2.ScheduleTests) ... ok
test_nonfinite_time_and_stale_update_rejected (test_geometry_first_v2.ScheduleTests) ... ok
test_world_observation_epoch_binding (test_geometry_first_v2.ScheduleTests) ... ok
test_all_horizons_and_terminal (test_strict_schema.BrokerContracts) ... ok
test_incompatible_nested_schema_fails_before_process (test_strict_schema.BrokerContracts) ... ok
test_local_reground (test_strict_schema.BrokerContracts) ... ok
test_negative_action_bindings_and_suffix (test_strict_schema.BrokerContracts) ... ok
test_negative_bindings_and_envelope (test_strict_schema.BrokerContracts) ... ok
test_negative_semantic_ids_and_pixels (test_strict_schema.BrokerContracts) ... ok
test_semantic_success_no_auto_action (test_strict_schema.BrokerContracts) ... ok
test_stale_epoch_and_world_after_receipt (test_strict_schema.BrokerContracts) ... ok
test_strict_raw_duplicate_nan_truncated (test_strict_schema.BrokerContracts) ... ok
test_legacy_oneof_local_preserved (test_strict_schema.SchemaTests) ... ok
test_recursive_missing_types_rejected (test_strict_schema.SchemaTests) ... ok
test_types_null_arrays_and_objects (test_strict_schema.SchemaTests) ... ok
test_unbound_dynamic_map_fails (test_strict_schema.SchemaTests) ... ok
test_unsupported_keywords_closed_root_and_limits (test_strict_schema.SchemaTests) ... ok
test_depth_discontinuity_splits_touching_pixels (test_semantic_interfaces.ComponentTests) ... ok
test_invalid_depth_unknown (test_semantic_interfaces.ComponentTests) ... ok
test_multiple_components_unknown (test_semantic_interfaces.ComponentTests) ... ok
test_roi_truncation_and_frame_clipping_unknown (test_semantic_interfaces.ComponentTests) ... ok
test_unique_component (test_semantic_interfaces.ComponentTests) ... ok
test_bad_observation_and_duplicate_views_rejected (test_semantic_interfaces.InterfaceTests) ... ok
test_calibration_movement_is_measurement_not_contract_change (test_semantic_interfaces.InterfaceTests) ... ok
test_competing_ids_not_largest_component_choice (test_semantic_interfaces.InterfaceTests) ... ok
test_initial_request_three_full_same_frame (test_semantic_interfaces.InterfaceTests) ... ok
test_missing_sensor_or_forged_image_rejected (test_semantic_interfaces.InterfaceTests) ... ok
test_query_is_compact_and_preserves_version_source (test_semantic_interfaces.InterfaceTests) ... ok
test_query_unknown_history_stays_separate (test_semantic_interfaces.InterfaceTests) ... ok
test_real_entry_rejects_diagnostic_without_dispatch (test_semantic_interfaces.InterfaceTests) ... ok
test_saved_sensor_bbox_mask_build_keeps_provenance_and_admission (test_semantic_interfaces.InterfaceTests) ... ok
test_selection_and_budget_no_silent_truncation (test_semantic_interfaces.InterfaceTests) ... ok
test_semantic_input_whitelist_action_proprioception (test_semantic_interfaces.InterfaceTests) ... ok
test_unknown_id_and_partial_view_never_measured (test_semantic_interfaces.InterfaceTests) ... ok
test_visibility_never_promotes_unknown (test_semantic_interfaces.InterfaceTests) ... ok
test_build_and_update_no_worker_or_broker_dispatch (test_rgbd_world.RGBDTests) ... ok
test_camera_roundtrip_no_GT (test_rgbd_world.RGBDTests) ... ok
test_depth_hash_rejected (test_rgbd_world.RGBDTests) ... ok
test_depth_occlusion_unknown_and_recovery (test_rgbd_world.RGBDTests) ... ok
test_duplicate_instance_geometry_claims_unknown (test_rgbd_world.RGBDTests) ... ok
test_dynamic_geometry_not_accumulated_as_static (test_rgbd_world.RGBDTests) ... ok
test_empty_depth_unknown_with_history_not_stale_geometry (test_rgbd_world.RGBDTests) ... ok
test_future_completion_and_feedback_rejected (test_rgbd_world.RGBDTests) ... ok
test_invalid_execution_evidence_cannot_be_usable (test_rgbd_world.RGBDTests) ... ok
test_missing_or_duplicate_depth_cameras_rejected (test_rgbd_world.RGBDTests) ... ok
test_nonfinite_sensor_timestamps_rejected (test_rgbd_world.RGBDTests) ... ok
test_old_frame_or_unsynchronized_depth_rejected (test_rgbd_world.RGBDTests) ... ok
test_path_escape_rejected (test_rgbd_world.RGBDTests) ... ok
test_rebuild_never_automatically_dispatches_model (test_rgbd_world.RGBDTests) ... ok
test_resize_alignment_rejected (test_rgbd_world.RGBDTests) ... ok
test_rgb_binding_rejected (test_rgbd_world.RGBDTests) ... ok
test_shadow_and_physical_admission_still_require_task_evidence (test_rgbd_world.RGBDTests) ... ok
test_true_sensor_data_metric_and_aligned (test_rgbd_world.RGBDTests) ... ok
test_units_not_silently_converted (test_rgbd_world.RGBDTests) ... ok
test_current_detection_does_not_copy_historical_bbox (test_lwh_update.GeometryGateTests) ... ok
test_finite_and_known_alone_cannot_authorize_planning (test_lwh_update.GeometryGateTests) ... ok
test_nonfinite_is_separate_failure (test_lwh_update.GeometryGateTests) ... ok
test_repeated_source_and_precompletion_input_rejected (test_lwh_update.GeometryGateTests) ... ok
test_sealed_failure_numeric_valid_but_plane_conflict_not_task_usable (test_lwh_update.GeometryGateTests) ... ok
test_direct_broker_cannot_bypass_geometry_gate (test_lwh_update.LifecycleTests) ... ok
test_rebuild_request_does_not_dispatch (test_lwh_update.LifecycleTests) ... ok
test_revision_changed_during_compute_cannot_merge (test_lwh_update.LifecycleTests) ... ok
test_stale_update_cannot_merge (test_lwh_update.LifecycleTests) ... ok
test_update_uses_existing_store_and_never_submits_learning_or_broker (test_lwh_update.LifecycleTests) ... ok
test_all_horizons_same_step_semantics_and_m1 (test_lwh_integration.LWHIntegrationTests) ... FAIL
test_camera_axis_and_intrinsic_backprojection_roundtrip (test_lwh_integration.LWHIntegrationTests) ... ok
test_fixed_and_adaptive_suffix_use_same_owner_and_m1 (test_lwh_integration.LWHIntegrationTests) ... FAIL
test_fixed_prefix_stops_at_K_without_requesting_E (test_lwh_integration.LWHIntegrationTests) ... FAIL
test_frozen_three_view_semantic_fusion_multiple_entities_unknown_and_raw (test_lwh_integration.LWHIntegrationTests) ... FAIL
test_fusion_rejects_mismatched_source_and_nonlearned_geometry (test_lwh_integration.LWHIntegrationTests) ... FAIL
test_future_observation_and_forecast_prefix_binding (test_lwh_integration.LWHIntegrationTests) ... FAIL
test_generic_owner_evidence_gap_stays_shadow (test_lwh_integration.LWHIntegrationTests) ... FAIL
test_geometry_only_revision_can_change_without_rewriting_plan (test_lwh_integration.LWHIntegrationTests) ... FAIL
test_independent_chunk_and_world_losses_fixed_adaptive_and_unknown (test_lwh_integration.LWHIntegrationTests) ... ok
test_last_waypoint_also_checked_nominal_is_not_actual_completion (test_lwh_integration.LWHIntegrationTests) ... FAIL
test_learned_runtime_mounts_do_not_expose_workspace_ancestor (test_lwh_integration.LWHIntegrationTests) ... ok
test_manual_plan_cannot_claim_model_raw (test_lwh_integration.LWHIntegrationTests) ... FAIL
test_no_config_or_model_cannot_launch_jobs (test_lwh_integration.LWHIntegrationTests) ... ok
test_one_waypoint_then_fresh_postcheck_unknown_aborts_suffix (test_lwh_integration.LWHIntegrationTests) ... FAIL
test_owner_rejection_and_pending_token_not_bypassed (test_lwh_integration.LWHIntegrationTests) ... FAIL
test_raw_stamp_and_immutable_read_set_no_self_signed_source (test_lwh_integration.LWHIntegrationTests) ... FAIL
test_sample_output_uses_depth_not_bbox_triangulation (test_lwh_integration.LWHIntegrationTests) ... ok
test_schema_artifacts_match_code (test_lwh_integration.LWHIntegrationTests) ... ok
test_stage_terminal_and_no_padding_or_contact (test_lwh_integration.LWHIntegrationTests) ... FAIL
test_typed_request_still_requires_exact_const_before_supervisor_load (test_lwh_integration.LWHIntegrationTests) ... FAIL
test_bbox_clipped_by_selected_roi_remains_unknown (test_research_adapters.ResearchTests) ... ERROR
test_cancel_retains_partial_raw_null_usage (test_research_adapters.ResearchTests) ... FAIL
test_cancelled_supervisor_never_executes_or_reclassifies_completed (test_research_adapters.ResearchTests) ... FAIL
test_epoch_change_inside_micro_chunk_invalidates_and_stops (test_research_adapters.ResearchTests) ... FAIL
test_epoch_or_world_revision_change_discards_remaining (test_research_adapters.ResearchTests) ... FAIL
test_fixture_evidence_cannot_enter_real_provider (test_research_adapters.ResearchTests) ... FAIL
test_generic_identity_cannot_be_declared_verified_by_model (test_research_adapters.ResearchTests) ... FAIL
test_gripper_barrier_discards_future_even_if_geometry_unchanged (test_research_adapters.ResearchTests) ... FAIL
test_h8_eight_m1_submissions_with_fresh_epochs (test_research_adapters.ResearchTests) ... FAIL
test_historical_bbox_does_not_become_current_object_state (test_research_adapters.ResearchTests) ... ERROR
test_late_finished_model_result_is_not_ready (test_research_adapters.ResearchTests) ... FAIL
test_model_raw_plan_not_autocommitted_and_cannot_be_modified (test_research_adapters.ResearchTests) ... FAIL
test_native_subagent_explicitly_unverified_never_coroutine_acceptance (test_research_adapters.ResearchTests) ... ok
test_parse_and_api_failure_no_execution_retry_or_stub (test_research_adapters.ResearchTests) ... FAIL
test_partial_failure_preserves_completed_prefix_and_remainder (test_research_adapters.ResearchTests) ... FAIL
test_preflight_existing_node_env_no_model (test_research_adapters.ResearchTests) ... FAIL
test_revision_change_in_motion_stops_and_preserves_unknown (test_research_adapters.ResearchTests) ... FAIL
test_roi_bbox_is_bound_to_actual_attachment_not_other_view (test_research_adapters.ResearchTests) ... ERROR
test_roles_have_actual_distinct_images_schema_and_raw_provenance (test_research_adapters.ResearchTests) ... FAIL
test_single_model_slot_and_shared_baseline_budget (test_research_adapters.ResearchTests) ... ok
test_submit_is_actual_process_and_overlaps_approved_execution (test_research_adapters.ResearchTests) ... FAIL
test_supported_horizons_and_mismatched_lengths (test_research_adapters.ResearchTests) ... FAIL
test_timeout_and_stop_cancel_without_second_request (test_research_adapters.ResearchTests) ... FAIL
test_unknown_ids_bad_roi_schema_fail_without_launch (test_research_adapters.ResearchTests) ... ok
test_world_cancel_stale_epoch_and_expired_budget (test_research_adapters.ResearchTests) ... FAIL
test_world_process_source_timestamps_version_and_no_private_inputs (test_research_adapters.ResearchTests) ... FAIL
test_already_queued_proposals_drain_during_motion_without_nested_execute (test_research_adapters.RpcMultiplexTests) ... ok
test_current_observation_projection_drops_private_state_poison (test_research_adapters.RpcMultiplexTests) ... ok
test_out_of_order_replies_preserve_execution_result_binding (test_research_adapters.RpcMultiplexTests) ... ok
test_archived_rgb_projection_hash_integrity_and_partial_failure (test_platform_v1.BoundaryRegressionTests) ... ok
test_model_observe_and_finish_consumed_once_through_gate (test_platform_v1.BoundaryRegressionTests) ... ok
test_owner_minimum_check_cannot_be_omitted (test_platform_v1.BoundaryRegressionTests) ... ok
test_partial_result_preserves_completed_prefix_and_remainder (test_platform_v1.BoundaryRegressionTests) ... ok
test_preflight_failure_before_scene_has_durable_report (test_platform_v1.BoundaryRegressionTests) ... ok
test_runner_preserves_malformed_partial_stream_and_cleanup_failure (test_platform_v1.BoundaryRegressionTests)
Real local child process, entirely fake scene owner; no GPU/model/SDK. ... ok
test_unexpected_backend_exception_does_not_claim_nothing_executed (test_platform_v1.BoundaryRegressionTests) ... ok
test_chunk_cap_allows_observe_but_no_13th_action (test_platform_v1.Tests) ... ok
test_client_binds_reply_and_does_not_invoke_executor (test_platform_v1.Tests) ... ok
test_engineering_targets_redacted_real_submitted_actions_preserved (test_platform_v1.Tests) ... ok
test_fake_candidate_cannot_be_changed_or_reused (test_platform_v1.Tests) ... ok
test_finish_ack_has_no_score_and_unknown_allowed (test_platform_v1.Tests) ... ok
test_private_score_not_dispatchable (test_platform_v1.Tests) ... ok
test_replay_never_executes_or_scores (test_platform_v1.Tests) ... ok
test_reset_requires_new_owner_process (test_platform_v1.Tests) ... ok
test_source_cannot_survive_execution_epoch (test_platform_v1.Tests) ... ok
test_stop_arrival_in_hook_prevents_next_step (test_platform_v1.Tests) ... ok
test_version_and_method_fields_fail_closed (test_platform_v1.Tests) ... ok
test_bbox_identity_current_state_are_distinct (test_full_pnp.ContractTests) ... ok
test_chunk_barrier_absolute_poses_and_nan (test_full_pnp.ContractTests) ... ok
test_frozen_legacy_copy (test_full_pnp.ContractTests) ... ok
test_gate_new_state_binding_barrier_refs_duplicate_and_rgb (test_full_pnp.ContractTests) ... ok
test_memory_only_completed_once_and_hypothesis_not_fact (test_full_pnp.ContractTests) ... ok
test_rgb_calibration_round_trip (test_full_pnp.ContractTests) ... ok
test_rgb_static_motion_and_unknown_not_hash_pass (test_full_pnp.ContractTests) ... ok
test_setup_held_disabled (test_full_pnp.ContractTests) ... ok
test_wire_excludes_private_answers_and_truth (test_full_pnp.ContractTests) ... ok
test_legacy_closing_preserves_payload_and_only_opening_detaches (test_full_pnp.PayloadTests) ... ok
test_B_action_from_actual_raw_and_frozen_payload (test_full_pnp_infer.InferTests) ... ERROR
test_E_parse_failure_prevents_A_launch (test_full_pnp_infer.InferTests) ... ok
test_F_runtime_E_then_A_uses_actual_bbox_and_hash (test_full_pnp_infer.InferTests) ... FAIL
test_STOP_owner_closes_without_second_request (test_full_pnp_infer.InferTests) ... FAIL
test_attempt_cap_and_preparation_launch_failures (test_full_pnp_infer.InferTests) ... ok
test_cancel_kills_stubborn_CLI_and_descendant_namespace (test_full_pnp_infer.InferTests) ... FAIL
test_cancel_preserves_partial_raw_and_reaps (test_full_pnp_infer.InferTests) ... FAIL
test_failure_audit_preserves_raw_usage_and_actual_wire (test_full_pnp_infer.InferTests) ... /home/alex/.config/matplotlib is not a writable directory
Matplotlib created a temporary cache directory at /tmp/matplotlib-hja3xozs because there was an issue with the default path (/home/alex/.config/matplotlib); it is highly recommended to set the MPLCONFIGDIR environment variable to a writable directory, in particular to speed up the import of Matplotlib and to better support multiprocessing.
FAIL
test_preflight_same_sandbox_versions_only (test_full_pnp_infer.InferTests) ... FAIL
test_raw_failure_api_failure_missing_no_fallback_or_retry (test_full_pnp_infer.InferTests) ... FAIL
test_remaining_budget_in_actual_infer_marker (test_full_pnp_infer.InferTests) ... ERROR
test_tampered_frozen_payload_fails_before_infer (test_full_pnp_infer.InferTests) ... ERROR
test_timeout_and_late_result_do_not_adopt (test_full_pnp_infer.InferTests) ... ERROR
test_fixed_new_budget_and_failure_classification (test_full_pnp_infer.PairEntryTests) ... ok
test_no_enable_no_process_or_scene (test_full_pnp_infer.PairEntryTests) ... ok
test_pair_launches_exactly_B_F_with_fresh_caps (test_full_pnp_infer.PairEntryTests) ... ok
test_pair_protocol_failure_does_not_launch_F (test_full_pnp_infer.PairEntryTests) ... ok
test_preflight_failure_before_backend_creation (test_full_pnp_infer.PairEntryTests) ... ok
test_E_cannot_return_actions (test_full_pnp_runtime.RuntimeTests) ... ok
test_model_stop_during_execution_withdraws_permission (test_full_pnp_runtime.RuntimeTests) ... ok
test_no_valid_candidate_keeps_drives_and_physics_ticks (test_full_pnp_runtime.RuntimeTests) ... ok
test_parent_failure_invalidates_candidate_and_no_history_success (test_full_pnp_runtime.RuntimeTests) ... ok
test_scheduler_runs_during_motion_but_never_across_gripper (test_full_pnp_runtime.RuntimeTests) ... ok
test_stop_discards_future_and_prevents_commands (test_full_pnp_runtime.RuntimeTests) ... ok
test_worker_slot_refuses_second_request (test_full_pnp_runtime.RuntimeTests) ... ok
test_worker_timeout_cannot_start_second_request (test_full_pnp_runtime.RuntimeTests) ... ok
test_different_observed_pixels_change_stub_pose (test_full_pnp_runtime.WireAndRGBTests) ... ok
test_final_infer_payload_and_strict_role_schemas (test_full_pnp_runtime.WireAndRGBTests) ... ok
test_task_revision_and_E_hash_invalidate (test_full_pnp_runtime.WireAndRGBTests) ... ok
test_actual_raw_preserved_B_A_E_and_failure_never_falls_back (test_full_pnp_review.AttemptTests) ... ok
test_all_failure_stages_produce_audit_and_keep_null_usage (test_full_pnp_review.AttemptTests) ... ok
test_nonzero_missing_candidate_usage_and_late_raw_are_preserved (test_full_pnp_review.AttemptTests) ... ok
test_actual_boundary_captures_RGB_and_rejects_object_motion (test_full_pnp_review.BoundaryTests) ... ok
test_chunk_13_rejected_but_observe_finish_allowed_after_12 (test_full_pnp_review.BoundaryTests) ... ok
test_guard_pass_dispatches_using_real_fresh_observation_and_noop_skips (test_full_pnp_review.BoundaryTests) ... ok
test_partial_prefix_survives_guard_rejection_and_no_gripper (test_full_pnp_review.BoundaryTests) ... ok
test_thirteenth_candidate_is_discarded_before_adoption (test_full_pnp_review.BoundaryTests) ... ok
test_carry_allows_object_motion_with_tool_but_rejects_changed_goal (test_full_pnp_review.DependencyTests) ... ok
test_carry_rejects_relative_slip (test_full_pnp_review.DependencyTests) ... ok
test_clear_empty_pregrasp_open_needs_no_goal (test_full_pnp_review.DependencyTests) ... ok
test_empty_move_cannot_omit_object_anchor (test_full_pnp_review.DependencyTests) ... ok
test_gate_rejects_model_only_rgb_vote_for_move (test_full_pnp_review.DependencyTests) ... ok
test_move_open_defers_spatial_release_check_until_boundary (test_full_pnp_review.DependencyTests) ... ok
test_noop_unknown_and_possible_release_are_distinct (test_full_pnp_review.DependencyTests) ... ok
test_release_at_goal_valid_and_degenerate_cameras_unknown (test_full_pnp_review.DependencyTests) ... ok
test_upward_retreat_does_not_require_static_goal_or_object (test_full_pnp_review.DependencyTests) ... ok

======================================================================
ERROR: test_bbox_clipped_by_selected_roi_remains_unknown (test_research_adapters.ResearchTests)
----------------------------------------------------------------------
Traceback (most recent call last):
  File "/home/alex/astra-realman_ws/astra-realman-persistent-semantic-binding-20261010/astra_realman_harness/tests/test_research_adapters.py", line 192, in test_bbox_clipped_by_selected_roi_remains_unknown
    e=self.submit_wait(req);r=self.a.world.submit([self.obs['observation_id']],[e['evidence_id']],'bbox_rays_v1')
  File "/home/alex/astra-realman_ws/astra-realman-persistent-semantic-binding-20261010/astra_realman_harness/platform_v1/research/world_head.py", line 234, in submit
    e=self.store.get_evidence(eid)
  File "/home/alex/astra-realman_ws/astra-realman-persistent-semantic-binding-20261010/astra_realman_harness/platform_v1/research/public_store.py", line 57, in get_evidence
    if identity not in self.evidence: raise ValueError('UNKNOWN_EVIDENCE_ID')
ValueError: UNKNOWN_EVIDENCE_ID

======================================================================
ERROR: test_historical_bbox_does_not_become_current_object_state (test_research_adapters.ResearchTests)
----------------------------------------------------------------------
Traceback (most recent call last):
  File "/home/alex/astra-realman_ws/astra-realman-persistent-semantic-binding-20261010/astra_realman_harness/tests/test_research_adapters.py", line 179, in test_historical_bbox_does_not_become_current_object_state
    r=self.a.world.submit([old,self.obs['observation_id']],[e['evidence_id']],'bbox_rays_v1')
  File "/home/alex/astra-realman_ws/astra-realman-persistent-semantic-binding-20261010/astra_realman_harness/platform_v1/research/world_head.py", line 234, in submit
    e=self.store.get_evidence(eid)
  File "/home/alex/astra-realman_ws/astra-realman-persistent-semantic-binding-20261010/astra_realman_harness/platform_v1/research/public_store.py", line 57, in get_evidence
    if identity not in self.evidence: raise ValueError('UNKNOWN_EVIDENCE_ID')
ValueError: UNKNOWN_EVIDENCE_ID

======================================================================
ERROR: test_roi_bbox_is_bound_to_actual_attachment_not_other_view (test_research_adapters.ResearchTests)
----------------------------------------------------------------------
Traceback (most recent call last):
  File "/home/alex/astra-realman_ws/astra-realman-persistent-semantic-binding-20261010/astra_realman_harness/tests/test_research_adapters.py", line 107, in test_roi_bbox_is_bound_to_actual_attachment_not_other_view
    e=self.submit_wait(self.request(roi=[.1,.2,.8,.9]));r=self.a.world.submit([self.obs['observation_id']],[e['evidence_id']],'bbox_rays_v1')
  File "/home/alex/astra-realman_ws/astra-realman-persistent-semantic-binding-20261010/astra_realman_harness/platform_v1/research/world_head.py", line 234, in submit
    e=self.store.get_evidence(eid)
  File "/home/alex/astra-realman_ws/astra-realman-persistent-semantic-binding-20261010/astra_realman_harness/platform_v1/research/public_store.py", line 57, in get_evidence
    if identity not in self.evidence: raise ValueError('UNKNOWN_EVIDENCE_ID')
ValueError: UNKNOWN_EVIDENCE_ID

======================================================================
ERROR: test_B_action_from_actual_raw_and_frozen_payload (test_full_pnp_infer.InferTests)
----------------------------------------------------------------------
Traceback (most recent call last):
  File "/home/alex/astra-realman_ws/astra-realman-persistent-semantic-binding-20261010/astra_realman_harness/tests/test_full_pnp_infer.py", line 102, in test_B_action_from_actual_raw_and_frozen_payload
    self.mode('chunk');self.submit();self.drain()
  File "/home/alex/astra-realman_ws/astra-realman-persistent-semantic-binding-20261010/astra_realman_harness/tests/test_full_pnp_infer.py", line 92, in drain
    while self.slot.job and time.monotonic()<deadline:self.slot.poll();time.sleep(.01)
  File "/home/alex/astra-realman_ws/astra-realman-persistent-semantic-binding-20261010/astra_realman_harness/sim_skills/full_pnp/slot.py", line 142, in poll
    if error:raise Rejected('WORKER_RETURN_OR_PARSE_FAILED_NO_RETRY:'+error)
sim_skills.async_v1.Rejected: WORKER_RETURN_OR_PARSE_FAILED_NO_RETRY:JSONDecodeError:Expecting value: line 1 column 1 (char 0)

======================================================================
ERROR: test_remaining_budget_in_actual_infer_marker (test_full_pnp_infer.InferTests)
----------------------------------------------------------------------
Traceback (most recent call last):
  File "/home/alex/astra-realman_ws/astra-realman-persistent-semantic-binding-20261010/astra_realman_harness/tests/test_full_pnp_infer.py", line 204, in test_remaining_budget_in_actual_infer_marker
    self.drain()
  File "/home/alex/astra-realman_ws/astra-realman-persistent-semantic-binding-20261010/astra_realman_harness/tests/test_full_pnp_infer.py", line 92, in drain
    while self.slot.job and time.monotonic()<deadline:self.slot.poll();time.sleep(.01)
  File "/home/alex/astra-realman_ws/astra-realman-persistent-semantic-binding-20261010/astra_realman_harness/sim_skills/full_pnp/slot.py", line 142, in poll
    if error:raise Rejected('WORKER_RETURN_OR_PARSE_FAILED_NO_RETRY:'+error)
sim_skills.async_v1.Rejected: WORKER_RETURN_OR_PARSE_FAILED_NO_RETRY:JSONDecodeError:Expecting value: line 1 column 1 (char 0)

======================================================================
ERROR: test_tampered_frozen_payload_fails_before_infer (test_full_pnp_infer.InferTests)
----------------------------------------------------------------------
Traceback (most recent call last):
  File "/home/alex/astra-realman_ws/astra-realman-persistent-semantic-binding-20261010/astra_realman_harness/tests/test_full_pnp_infer.py", line 209, in test_tampered_frozen_payload_fails_before_infer
    self.submit();proc=self.slot.job['process'];proc.wait(timeout=5);self.slot.poll()
  File "/home/alex/astra-realman_ws/astra-realman-persistent-semantic-binding-20261010/astra_realman_harness/sim_skills/full_pnp/slot.py", line 142, in poll
    if error:raise Rejected('WORKER_RETURN_OR_PARSE_FAILED_NO_RETRY:'+error)
sim_skills.async_v1.Rejected: WORKER_RETURN_OR_PARSE_FAILED_NO_RETRY:JSONDecodeError:Expecting value: line 1 column 1 (char 0)

======================================================================
ERROR: test_timeout_and_late_result_do_not_adopt (test_full_pnp_infer.InferTests)
----------------------------------------------------------------------
Traceback (most recent call last):
  File "/home/alex/astra-realman_ws/astra-realman-persistent-semantic-binding-20261010/astra_realman_harness/tests/test_full_pnp_infer.py", line 163, in test_timeout_and_late_result_do_not_adopt
    self.mode('partial');self.submit(timeout=.5);self.drain()
  File "/home/alex/astra-realman_ws/astra-realman-persistent-semantic-binding-20261010/astra_realman_harness/tests/test_full_pnp_infer.py", line 92, in drain
    while self.slot.job and time.monotonic()<deadline:self.slot.poll();time.sleep(.01)
  File "/home/alex/astra-realman_ws/astra-realman-persistent-semantic-binding-20261010/astra_realman_harness/sim_skills/full_pnp/slot.py", line 142, in poll
    if error:raise Rejected('WORKER_RETURN_OR_PARSE_FAILED_NO_RETRY:'+error)
sim_skills.async_v1.Rejected: WORKER_RETURN_OR_PARSE_FAILED_NO_RETRY:JSONDecodeError:Expecting value: line 1 column 1 (char 0)

======================================================================
FAIL: test_all_horizons_same_step_semantics_and_m1 (test_lwh_integration.LWHIntegrationTests)
----------------------------------------------------------------------
Traceback (most recent call last):
  File "/home/alex/astra-realman_ws/astra-realman-persistent-semantic-binding-20261010/astra_realman_harness/tests/test_lwh_integration.py", line 46, in test_all_horizons_same_step_semantics_and_m1
    self.w,_,_=fused_fixture(self.o,self.obs)
  File "/home/alex/astra-realman_ws/astra-realman-persistent-semantic-binding-20261010/astra_realman_harness/tests/lwh_integration_fixtures.py", line 31, in fused_fixture
    row=wait_job(a.broker,req['request_id']);assert row['status']=='READY',row
AssertionError: {'request_id': 'broker-001', 'role': 'semantic_e0', 'status': 'FAILED', 'provenance': 'FAKE_MODEL_RAW', 'parsed': None, 'evidence_id': None, 'usage_raw': None, 'server_model': 'unknown', 'server_effort': 'unknown', 'server_internal_retries': 'unknown'}

======================================================================
FAIL: test_fixed_and_adaptive_suffix_use_same_owner_and_m1 (test_lwh_integration.LWHIntegrationTests)
----------------------------------------------------------------------
Traceback (most recent call last):
  File "/home/alex/astra-realman_ws/astra-realman-persistent-semantic-binding-20261010/astra_realman_harness/tests/test_lwh_integration.py", line 119, in test_fixed_and_adaptive_suffix_use_same_owner_and_m1
    p=self.load();original=copy.deepcopy(self.a.supervisor.plans[p['plan_id']]['plan'])
  File "/home/alex/astra-realman_ws/astra-realman-persistent-semantic-binding-20261010/astra_realman_harness/tests/test_lwh_integration.py", line 33, in load
    self.prepare_plan(H);return self.a.supervisor.from_broker(self.row['request_id'])
  File "/home/alex/astra-realman_ws/astra-realman-persistent-semantic-binding-20261010/astra_realman_harness/tests/test_lwh_integration.py", line 29, in prepare_plan
    self.w,_,_=fused_fixture(self.o,self.obs);self.row=action_fixture(self.o,self.w,self.obs,H)
  File "/home/alex/astra-realman_ws/astra-realman-persistent-semantic-binding-20261010/astra_realman_harness/tests/lwh_integration_fixtures.py", line 31, in fused_fixture
    row=wait_job(a.broker,req['request_id']);assert row['status']=='READY',row
AssertionError: {'request_id': 'broker-001', 'role': 'semantic_e0', 'status': 'FAILED', 'provenance': 'FAKE_MODEL_RAW', 'parsed': None, 'evidence_id': None, 'usage_raw': None, 'server_model': 'unknown', 'server_effort': 'unknown', 'server_internal_retries': 'unknown'}

======================================================================
FAIL: test_fixed_prefix_stops_at_K_without_requesting_E (test_lwh_integration.LWHIntegrationTests)
----------------------------------------------------------------------
Traceback (most recent call last):
  File "/home/alex/astra-realman_ws/astra-realman-persistent-semantic-binding-20261010/astra_realman_harness/tests/test_lwh_integration.py", line 136, in test_fixed_prefix_stops_at_K_without_requesting_E
    p=self.load();self.a.supervisor.policy(p['plan_id'],'fixed',1)
  File "/home/alex/astra-realman_ws/astra-realman-persistent-semantic-binding-20261010/astra_realman_harness/tests/test_lwh_integration.py", line 33, in load
    self.prepare_plan(H);return self.a.supervisor.from_broker(self.row['request_id'])
  File "/home/alex/astra-realman_ws/astra-realman-persistent-semantic-binding-20261010/astra_realman_harness/tests/test_lwh_integration.py", line 29, in prepare_plan
    self.w,_,_=fused_fixture(self.o,self.obs);self.row=action_fixture(self.o,self.w,self.obs,H)
  File "/home/alex/astra-realman_ws/astra-realman-persistent-semantic-binding-20261010/astra_realman_harness/tests/lwh_integration_fixtures.py", line 31, in fused_fixture
    row=wait_job(a.broker,req['request_id']);assert row['status']=='READY',row
AssertionError: {'request_id': 'broker-001', 'role': 'semantic_e0', 'status': 'FAILED', 'provenance': 'FAKE_MODEL_RAW', 'parsed': None, 'evidence_id': None, 'usage_raw': None, 'server_model': 'unknown', 'server_effort': 'unknown', 'server_internal_retries': 'unknown'}

======================================================================
FAIL: test_frozen_three_view_semantic_fusion_multiple_entities_unknown_and_raw (test_lwh_integration.LWHIntegrationTests)
----------------------------------------------------------------------
Traceback (most recent call last):
  File "/home/alex/astra-realman_ws/astra-realman-persistent-semantic-binding-20261010/astra_realman_harness/tests/test_lwh_integration.py", line 35, in test_frozen_three_view_semantic_fusion_multiple_entities_unknown_and_raw
    w,_,e=fused_fixture(self.o,self.obs)
  File "/home/alex/astra-realman_ws/astra-realman-persistent-semantic-binding-20261010/astra_realman_harness/tests/lwh_integration_fixtures.py", line 31, in fused_fixture
    row=wait_job(a.broker,req['request_id']);assert row['status']=='READY',row
AssertionError: {'request_id': 'broker-001', 'role': 'semantic_e0', 'status': 'FAILED', 'provenance': 'FAKE_MODEL_RAW', 'parsed': None, 'evidence_id': None, 'usage_raw': None, 'server_model': 'unknown', 'server_effort': 'unknown', 'server_internal_retries': 'unknown'}

======================================================================
FAIL: test_fusion_rejects_mismatched_source_and_nonlearned_geometry (test_lwh_integration.LWHIntegrationTests)
----------------------------------------------------------------------
Traceback (most recent call last):
  File "/home/alex/astra-realman_ws/astra-realman-persistent-semantic-binding-20261010/astra_realman_harness/tests/test_lwh_integration.py", line 157, in test_fusion_rejects_mismatched_source_and_nonlearned_geometry
    w,g,e=fused_fixture(self.o,self.obs)
  File "/home/alex/astra-realman_ws/astra-realman-persistent-semantic-binding-20261010/astra_realman_harness/tests/lwh_integration_fixtures.py", line 31, in fused_fixture
    row=wait_job(a.broker,req['request_id']);assert row['status']=='READY',row
AssertionError: {'request_id': 'broker-001', 'role': 'semantic_e0', 'status': 'FAILED', 'provenance': 'FAKE_MODEL_RAW', 'parsed': None, 'evidence_id': None, 'usage_raw': None, 'server_model': 'unknown', 'server_effort': 'unknown', 'server_internal_retries': 'unknown'}

======================================================================
FAIL: test_future_observation_and_forecast_prefix_binding (test_lwh_integration.LWHIntegrationTests)
----------------------------------------------------------------------
Traceback (most recent call last):
  File "/home/alex/astra-realman_ws/astra-realman-persistent-semantic-binding-20261010/astra_realman_harness/tests/test_lwh_integration.py", line 194, in test_future_observation_and_forecast_prefix_binding
    p=self.prepare_plan();f=losses.forecast(p,self.w['state'])
  File "/home/alex/astra-realman_ws/astra-realman-persistent-semantic-binding-20261010/astra_realman_harness/tests/test_lwh_integration.py", line 29, in prepare_plan
    self.w,_,_=fused_fixture(self.o,self.obs);self.row=action_fixture(self.o,self.w,self.obs,H)
  File "/home/alex/astra-realman_ws/astra-realman-persistent-semantic-binding-20261010/astra_realman_harness/tests/lwh_integration_fixtures.py", line 31, in fused_fixture
    row=wait_job(a.broker,req['request_id']);assert row['status']=='READY',row
AssertionError: {'request_id': 'broker-001', 'role': 'semantic_e0', 'status': 'FAILED', 'provenance': 'FAKE_MODEL_RAW', 'parsed': None, 'evidence_id': None, 'usage_raw': None, 'server_model': 'unknown', 'server_effort': 'unknown', 'server_internal_retries': 'unknown'}

======================================================================
FAIL: test_generic_owner_evidence_gap_stays_shadow (test_lwh_integration.LWHIntegrationTests)
----------------------------------------------------------------------
Traceback (most recent call last):
  File "/home/alex/astra-realman_ws/astra-realman-persistent-semantic-binding-20261010/astra_realman_harness/tests/test_lwh_integration.py", line 89, in test_generic_owner_evidence_gap_stays_shadow
    p=self.load()
  File "/home/alex/astra-realman_ws/astra-realman-persistent-semantic-binding-20261010/astra_realman_harness/tests/test_lwh_integration.py", line 33, in load
    self.prepare_plan(H);return self.a.supervisor.from_broker(self.row['request_id'])
  File "/home/alex/astra-realman_ws/astra-realman-persistent-semantic-binding-20261010/astra_realman_harness/tests/test_lwh_integration.py", line 29, in prepare_plan
    self.w,_,_=fused_fixture(self.o,self.obs);self.row=action_fixture(self.o,self.w,self.obs,H)
  File "/home/alex/astra-realman_ws/astra-realman-persistent-semantic-binding-20261010/astra_realman_harness/tests/lwh_integration_fixtures.py", line 31, in fused_fixture
    row=wait_job(a.broker,req['request_id']);assert row['status']=='READY',row
AssertionError: {'request_id': 'broker-001', 'role': 'semantic_e0', 'status': 'FAILED', 'provenance': 'FAKE_MODEL_RAW', 'parsed': None, 'evidence_id': None, 'usage_raw': None, 'server_model': 'unknown', 'server_effort': 'unknown', 'server_internal_retries': 'unknown'}

======================================================================
FAIL: test_geometry_only_revision_can_change_without_rewriting_plan (test_lwh_integration.LWHIntegrationTests)
----------------------------------------------------------------------
Traceback (most recent call last):
  File "/home/alex/astra-realman_ws/astra-realman-persistent-semantic-binding-20261010/astra_realman_harness/tests/test_lwh_integration.py", line 84, in test_geometry_only_revision_can_change_without_rewriting_plan
    p=self.load();row=self.a.supervisor.plans[p['plan_id']]
  File "/home/alex/astra-realman_ws/astra-realman-persistent-semantic-binding-20261010/astra_realman_harness/tests/test_lwh_integration.py", line 33, in load
    self.prepare_plan(H);return self.a.supervisor.from_broker(self.row['request_id'])
  File "/home/alex/astra-realman_ws/astra-realman-persistent-semantic-binding-20261010/astra_realman_harness/tests/test_lwh_integration.py", line 29, in prepare_plan
    self.w,_,_=fused_fixture(self.o,self.obs);self.row=action_fixture(self.o,self.w,self.obs,H)
  File "/home/alex/astra-realman_ws/astra-realman-persistent-semantic-binding-20261010/astra_realman_harness/tests/lwh_integration_fixtures.py", line 31, in fused_fixture
    row=wait_job(a.broker,req['request_id']);assert row['status']=='READY',row
AssertionError: {'request_id': 'broker-001', 'role': 'semantic_e0', 'status': 'FAILED', 'provenance': 'FAKE_MODEL_RAW', 'parsed': None, 'evidence_id': None, 'usage_raw': None, 'server_model': 'unknown', 'server_effort': 'unknown', 'server_internal_retries': 'unknown'}

======================================================================
FAIL: test_last_waypoint_also_checked_nominal_is_not_actual_completion (test_lwh_integration.LWHIntegrationTests)
----------------------------------------------------------------------
Traceback (most recent call last):
  File "/home/alex/astra-realman_ws/astra-realman-persistent-semantic-binding-20261010/astra_realman_harness/tests/test_lwh_integration.py", line 111, in test_last_waypoint_also_checked_nominal_is_not_actual_completion
    p=self.load(H=1)
  File "/home/alex/astra-realman_ws/astra-realman-persistent-semantic-binding-20261010/astra_realman_harness/tests/test_lwh_integration.py", line 33, in load
    self.prepare_plan(H);return self.a.supervisor.from_broker(self.row['request_id'])
  File "/home/alex/astra-realman_ws/astra-realman-persistent-semantic-binding-20261010/astra_realman_harness/tests/test_lwh_integration.py", line 29, in prepare_plan
    self.w,_,_=fused_fixture(self.o,self.obs);self.row=action_fixture(self.o,self.w,self.obs,H)
  File "/home/alex/astra-realman_ws/astra-realman-persistent-semantic-binding-20261010/astra_realman_harness/tests/lwh_integration_fixtures.py", line 31, in fused_fixture
    row=wait_job(a.broker,req['request_id']);assert row['status']=='READY',row
AssertionError: {'request_id': 'broker-001', 'role': 'semantic_e0', 'status': 'FAILED', 'provenance': 'FAKE_MODEL_RAW', 'parsed': None, 'evidence_id': None, 'usage_raw': None, 'server_model': 'unknown', 'server_effort': 'unknown', 'server_internal_retries': 'unknown'}

======================================================================
FAIL: test_manual_plan_cannot_claim_model_raw (test_lwh_integration.LWHIntegrationTests)
----------------------------------------------------------------------
Traceback (most recent call last):
  File "/home/alex/astra-realman_ws/astra-realman-persistent-semantic-binding-20261010/astra_realman_harness/tests/test_lwh_integration.py", line 79, in test_manual_plan_cannot_claim_model_raw
    p=self.prepare_plan()
  File "/home/alex/astra-realman_ws/astra-realman-persistent-semantic-binding-20261010/astra_realman_harness/tests/test_lwh_integration.py", line 29, in prepare_plan
    self.w,_,_=fused_fixture(self.o,self.obs);self.row=action_fixture(self.o,self.w,self.obs,H)
  File "/home/alex/astra-realman_ws/astra-realman-persistent-semantic-binding-20261010/astra_realman_harness/tests/lwh_integration_fixtures.py", line 31, in fused_fixture
    row=wait_job(a.broker,req['request_id']);assert row['status']=='READY',row
AssertionError: {'request_id': 'broker-001', 'role': 'semantic_e0', 'status': 'FAILED', 'provenance': 'FAKE_MODEL_RAW', 'parsed': None, 'evidence_id': None, 'usage_raw': None, 'server_model': 'unknown', 'server_effort': 'unknown', 'server_internal_retries': 'unknown'}

======================================================================
FAIL: test_one_waypoint_then_fresh_postcheck_unknown_aborts_suffix (test_lwh_integration.LWHIntegrationTests)
----------------------------------------------------------------------
Traceback (most recent call last):
  File "/home/alex/astra-realman_ws/astra-realman-persistent-semantic-binding-20261010/astra_realman_harness/tests/test_lwh_integration.py", line 99, in test_one_waypoint_then_fresh_postcheck_unknown_aborts_suffix
    p=self.load()
  File "/home/alex/astra-realman_ws/astra-realman-persistent-semantic-binding-20261010/astra_realman_harness/tests/test_lwh_integration.py", line 33, in load
    self.prepare_plan(H);return self.a.supervisor.from_broker(self.row['request_id'])
  File "/home/alex/astra-realman_ws/astra-realman-persistent-semantic-binding-20261010/astra_realman_harness/tests/test_lwh_integration.py", line 29, in prepare_plan
    self.w,_,_=fused_fixture(self.o,self.obs);self.row=action_fixture(self.o,self.w,self.obs,H)
  File "/home/alex/astra-realman_ws/astra-realman-persistent-semantic-binding-20261010/astra_realman_harness/tests/lwh_integration_fixtures.py", line 31, in fused_fixture
    row=wait_job(a.broker,req['request_id']);assert row['status']=='READY',row
AssertionError: {'request_id': 'broker-001', 'role': 'semantic_e0', 'status': 'FAILED', 'provenance': 'FAKE_MODEL_RAW', 'parsed': None, 'evidence_id': None, 'usage_raw': None, 'server_model': 'unknown', 'server_effort': 'unknown', 'server_internal_retries': 'unknown'}

======================================================================
FAIL: test_owner_rejection_and_pending_token_not_bypassed (test_lwh_integration.LWHIntegrationTests)
----------------------------------------------------------------------
Traceback (most recent call last):
  File "/home/alex/astra-realman_ws/astra-realman-persistent-semantic-binding-20261010/astra_realman_harness/tests/test_lwh_integration.py", line 94, in test_owner_rejection_and_pending_token_not_bypassed
    p=self.load();self.o.proposal={'digest':'legacy-token'}
  File "/home/alex/astra-realman_ws/astra-realman-persistent-semantic-binding-20261010/astra_realman_harness/tests/test_lwh_integration.py", line 33, in load
    self.prepare_plan(H);return self.a.supervisor.from_broker(self.row['request_id'])
  File "/home/alex/astra-realman_ws/astra-realman-persistent-semantic-binding-20261010/astra_realman_harness/tests/test_lwh_integration.py", line 29, in prepare_plan
    self.w,_,_=fused_fixture(self.o,self.obs);self.row=action_fixture(self.o,self.w,self.obs,H)
  File "/home/alex/astra-realman_ws/astra-realman-persistent-semantic-binding-20261010/astra_realman_harness/tests/lwh_integration_fixtures.py", line 31, in fused_fixture
    row=wait_job(a.broker,req['request_id']);assert row['status']=='READY',row
AssertionError: {'request_id': 'broker-001', 'role': 'semantic_e0', 'status': 'FAILED', 'provenance': 'FAKE_MODEL_RAW', 'parsed': None, 'evidence_id': None, 'usage_raw': None, 'server_model': 'unknown', 'server_effort': 'unknown', 'server_internal_retries': 'unknown'}

======================================================================
FAIL: test_raw_stamp_and_immutable_read_set_no_self_signed_source (test_lwh_integration.LWHIntegrationTests)
----------------------------------------------------------------------
Traceback (most recent call last):
  File "/home/alex/astra-realman_ws/astra-realman-persistent-semantic-binding-20261010/astra_realman_harness/tests/test_lwh_integration.py", line 62, in test_raw_stamp_and_immutable_read_set_no_self_signed_source
    p=self.prepare_plan();loaded=self.a.supervisor.from_broker(self.row['request_id'])
  File "/home/alex/astra-realman_ws/astra-realman-persistent-semantic-binding-20261010/astra_realman_harness/tests/test_lwh_integration.py", line 29, in prepare_plan
    self.w,_,_=fused_fixture(self.o,self.obs);self.row=action_fixture(self.o,self.w,self.obs,H)
  File "/home/alex/astra-realman_ws/astra-realman-persistent-semantic-binding-20261010/astra_realman_harness/tests/lwh_integration_fixtures.py", line 31, in fused_fixture
    row=wait_job(a.broker,req['request_id']);assert row['status']=='READY',row
AssertionError: {'request_id': 'broker-001', 'role': 'semantic_e0', 'status': 'FAILED', 'provenance': 'FAKE_MODEL_RAW', 'parsed': None, 'evidence_id': None, 'usage_raw': None, 'server_model': 'unknown', 'server_effort': 'unknown', 'server_internal_retries': 'unknown'}

======================================================================
FAIL: test_stage_terminal_and_no_padding_or_contact (test_lwh_integration.LWHIntegrationTests)
----------------------------------------------------------------------
Traceback (most recent call last):
  File "/home/alex/astra-realman_ws/astra-realman-persistent-semantic-binding-20261010/astra_realman_harness/tests/test_lwh_integration.py", line 52, in test_stage_terminal_and_no_padding_or_contact
    p=self.prepare_plan();q=copy.deepcopy(p);q['waypoints']=q['waypoints'][:2]
  File "/home/alex/astra-realman_ws/astra-realman-persistent-semantic-binding-20261010/astra_realman_harness/tests/test_lwh_integration.py", line 29, in prepare_plan
    self.w,_,_=fused_fixture(self.o,self.obs);self.row=action_fixture(self.o,self.w,self.obs,H)
  File "/home/alex/astra-realman_ws/astra-realman-persistent-semantic-binding-20261010/astra_realman_harness/tests/lwh_integration_fixtures.py", line 31, in fused_fixture
    row=wait_job(a.broker,req['request_id']);assert row['status']=='READY',row
AssertionError: {'request_id': 'broker-001', 'role': 'semantic_e0', 'status': 'FAILED', 'provenance': 'FAKE_MODEL_RAW', 'parsed': None, 'evidence_id': None, 'usage_raw': None, 'server_model': 'unknown', 'server_effort': 'unknown', 'server_internal_retries': 'unknown'}

======================================================================
FAIL: test_typed_request_still_requires_exact_const_before_supervisor_load (test_lwh_integration.LWHIntegrationTests)
----------------------------------------------------------------------
Traceback (most recent call last):
  File "/home/alex/astra-realman_ws/astra-realman-persistent-semantic-binding-20261010/astra_realman_harness/tests/test_lwh_integration.py", line 72, in test_typed_request_still_requires_exact_const_before_supervisor_load
    self.prepare_plan()
  File "/home/alex/astra-realman_ws/astra-realman-persistent-semantic-binding-20261010/astra_realman_harness/tests/test_lwh_integration.py", line 29, in prepare_plan
    self.w,_,_=fused_fixture(self.o,self.obs);self.row=action_fixture(self.o,self.w,self.obs,H)
  File "/home/alex/astra-realman_ws/astra-realman-persistent-semantic-binding-20261010/astra_realman_harness/tests/lwh_integration_fixtures.py", line 31, in fused_fixture
    row=wait_job(a.broker,req['request_id']);assert row['status']=='READY',row
AssertionError: {'request_id': 'broker-001', 'role': 'semantic_e0', 'status': 'FAILED', 'provenance': 'FAKE_MODEL_RAW', 'parsed': None, 'evidence_id': None, 'usage_raw': None, 'server_model': 'unknown', 'server_effort': 'unknown', 'server_internal_retries': 'unknown'}

======================================================================
FAIL: test_cancel_retains_partial_raw_null_usage (test_research_adapters.ResearchTests)
----------------------------------------------------------------------
Traceback (most recent call last):
  File "/home/alex/astra-realman_ws/astra-realman-persistent-semantic-binding-20261010/astra_realman_harness/tests/test_research_adapters.py", line 89, in test_cancel_retains_partial_raw_null_usage
    self.assertEqual(out['status'],'CANCELLED');self.assertEqual(self.a.broker.rows[r['request_id']]['raw'],'{"partial":');self.assertIsNone(out['usage_raw'])
AssertionError: None != '{"partial":'

======================================================================
FAIL: test_cancelled_supervisor_never_executes_or_reclassifies_completed (test_research_adapters.ResearchTests)
----------------------------------------------------------------------
Traceback (most recent call last):
  File "/home/alex/astra-realman_ws/astra-realman-persistent-semantic-binding-20261010/astra_realman_harness/tests/test_research_adapters.py", line 183, in test_cancelled_supervisor_never_executes_or_reclassifies_completed
    self.obs,w=initial_world(self.o);p=self.a.supervisor.load(plan(self.obs,w));self.a.supervisor.cancel(p['plan_id'])
  File "/home/alex/astra-realman_ws/astra-realman-persistent-semantic-binding-20261010/astra_realman_harness/tests/research_fixtures.py", line 63, in initial_world
    row=wait_job(a.world,request['request_id']);assert row['status']=='READY',row
AssertionError: {'request_id': 'world-001', 'status': 'FAILED', 'error': "ValueError('WORLD_WORKER_FAILED')", 'result': None, 'usage_raw': None, 'preparation_started_monotonic': 164808.636648568, 'binding': {'version': 'astra.world.public.v1', 'episode_id': '581467cbc21d48d8a1042afdd3338bc7', 'execution_epoch': 0, 'observation_ids': ['test:0002'], 'evidence_ids': [], 'reference_world_id': None, 'world_revision': 0, 'capture_times': [164808.636205202], 'calibration_hashes': ['ca35ad56c1dcce806aeb47a14f29b1307f0a354313a9f856d993ab2679137d20']}, 'backend': 'legacy_rgb_rays_v1', 'provenance': 'PUBLIC_GEOMETRY', 'worker_sha256': '06b0c53d9828dae8d43edcfb88864ce5b24cfe9e513c2988cca4db4f68002000', 'pid': 97, 'returned_monotonic': 164808.648556894, 'full_job_wall_s': 0.011908326006960124}

======================================================================
FAIL: test_epoch_change_inside_micro_chunk_invalidates_and_stops (test_research_adapters.ResearchTests)
----------------------------------------------------------------------
Traceback (most recent call last):
  File "/home/alex/astra-realman_ws/astra-realman-persistent-semantic-binding-20261010/astra_realman_harness/tests/test_research_adapters.py", line 165, in test_epoch_change_inside_micro_chunk_invalidates_and_stops
    self.obs,w=initial_world(self.o);p=self.a.supervisor.load(plan(self.obs,w));p=self.a.supervisor.step(p['plan_id'])
  File "/home/alex/astra-realman_ws/astra-realman-persistent-semantic-binding-20261010/astra_realman_harness/tests/research_fixtures.py", line 63, in initial_world
    row=wait_job(a.world,request['request_id']);assert row['status']=='READY',row
AssertionError: {'request_id': 'world-001', 'status': 'FAILED', 'error': "ValueError('WORLD_WORKER_FAILED')", 'result': None, 'usage_raw': None, 'preparation_started_monotonic': 164808.650049717, 'binding': {'version': 'astra.world.public.v1', 'episode_id': '7bdd3b7c09a94bce805f02ecab147432', 'execution_epoch': 0, 'observation_ids': ['test:0002'], 'evidence_ids': [], 'reference_world_id': None, 'world_revision': 0, 'capture_times': [164808.649621815], 'calibration_hashes': ['ca35ad56c1dcce806aeb47a14f29b1307f0a354313a9f856d993ab2679137d20']}, 'backend': 'legacy_rgb_rays_v1', 'provenance': 'PUBLIC_GEOMETRY', 'worker_sha256': '06b0c53d9828dae8d43edcfb88864ce5b24cfe9e513c2988cca4db4f68002000', 'pid': 99, 'returned_monotonic': 164808.661764137, 'full_job_wall_s': 0.011714420019416139}

======================================================================
FAIL: test_epoch_or_world_revision_change_discards_remaining (test_research_adapters.ResearchTests)
----------------------------------------------------------------------
Traceback (most recent call last):
  File "/home/alex/astra-realman_ws/astra-realman-persistent-semantic-binding-20261010/astra_realman_harness/tests/test_research_adapters.py", line 127, in test_epoch_or_world_revision_change_discards_remaining
    self.obs,w=initial_world(self.o);p=self.a.supervisor.load(plan(self.obs,w));p=step(self.o,p);self.assertEqual(p['K_completed'],1)
  File "/home/alex/astra-realman_ws/astra-realman-persistent-semantic-binding-20261010/astra_realman_harness/tests/research_fixtures.py", line 63, in initial_world
    row=wait_job(a.world,request['request_id']);assert row['status']=='READY',row
AssertionError: {'request_id': 'world-001', 'status': 'FAILED', 'error': "ValueError('WORLD_WORKER_FAILED')", 'result': None, 'usage_raw': None, 'preparation_started_monotonic': 164808.663254677, 'binding': {'version': 'astra.world.public.v1', 'episode_id': '7ec393870d4641968da307c536be78ed', 'execution_epoch': 0, 'observation_ids': ['test:0002'], 'evidence_ids': [], 'reference_world_id': None, 'world_revision': 0, 'capture_times': [164808.662806539], 'calibration_hashes': ['ca35ad56c1dcce806aeb47a14f29b1307f0a354313a9f856d993ab2679137d20']}, 'backend': 'legacy_rgb_rays_v1', 'provenance': 'PUBLIC_GEOMETRY', 'worker_sha256': '06b0c53d9828dae8d43edcfb88864ce5b24cfe9e513c2988cca4db4f68002000', 'pid': 101, 'returned_monotonic': 164808.674961894, 'full_job_wall_s': 0.01170721699600108}

======================================================================
FAIL: test_fixture_evidence_cannot_enter_real_provider (test_research_adapters.ResearchTests)
----------------------------------------------------------------------
ValueError: UNKNOWN_EVIDENCE_ID

During handling of the above exception, another exception occurred:

Traceback (most recent call last):
  File "/home/alex/astra-realman_ws/astra-realman-persistent-semantic-binding-20261010/astra_realman_harness/tests/test_research_adapters.py", line 155, in test_fixture_evidence_cannot_enter_real_provider
    with self.assertRaisesRegex(Exception,'FIXTURE_CANNOT_ENTER_REAL_MODEL'):self.a.broker.submit(self.request(evidence=[e['evidence_id']]))
AssertionError: "FIXTURE_CANNOT_ENTER_REAL_MODEL" does not match "UNKNOWN_EVIDENCE_ID"

======================================================================
FAIL: test_generic_identity_cannot_be_declared_verified_by_model (test_research_adapters.ResearchTests)
----------------------------------------------------------------------
Traceback (most recent call last):
  File "/home/alex/astra-realman_ws/astra-realman-persistent-semantic-binding-20261010/astra_realman_harness/tests/test_research_adapters.py", line 151, in test_generic_identity_cannot_be_declared_verified_by_model
    self.obs,w=initial_world(self.o);pplan=plan(self.obs,w);pplan['task_binding']={'profile':'generic_semantic_v1','object_id':'mug42','goal_id':'shelf2'}
  File "/home/alex/astra-realman_ws/astra-realman-persistent-semantic-binding-20261010/astra_realman_harness/tests/research_fixtures.py", line 63, in initial_world
    row=wait_job(a.world,request['request_id']);assert row['status']=='READY',row
AssertionError: {'request_id': 'world-001', 'status': 'FAILED', 'error': "ValueError('WORLD_WORKER_FAILED')", 'result': None, 'usage_raw': None, 'preparation_started_monotonic': 164808.732559519, 'binding': {'version': 'astra.world.public.v1', 'episode_id': 'f56e4db479e34d5b85a6a1db2a8fe72e', 'execution_epoch': 0, 'observation_ids': ['test:0002'], 'evidence_ids': [], 'reference_world_id': None, 'world_revision': 0, 'capture_times': [164808.732091638], 'calibration_hashes': ['ca35ad56c1dcce806aeb47a14f29b1307f0a354313a9f856d993ab2679137d20']}, 'backend': 'legacy_rgb_rays_v1', 'provenance': 'PUBLIC_GEOMETRY', 'worker_sha256': '06b0c53d9828dae8d43edcfb88864ce5b24cfe9e513c2988cca4db4f68002000', 'pid': 105, 'returned_monotonic': 164808.74437491, 'full_job_wall_s': 0.011815390986157581}

======================================================================
FAIL: test_gripper_barrier_discards_future_even_if_geometry_unchanged (test_research_adapters.ResearchTests)
----------------------------------------------------------------------
Traceback (most recent call last):
  File "/home/alex/astra-realman_ws/astra-realman-persistent-semantic-binding-20261010/astra_realman_harness/tests/test_research_adapters.py", line 137, in test_gripper_barrier_discards_future_even_if_geometry_unchanged
    self.obs,w=initial_world(self.o);actions=[{'type':'hold','seconds':.02},{'type':'gripper','opening':1.},{'type':'hold','seconds':.02},{'type':'hold','seconds':.02}]
  File "/home/alex/astra-realman_ws/astra-realman-persistent-semantic-binding-20261010/astra_realman_harness/tests/research_fixtures.py", line 63, in initial_world
    row=wait_job(a.world,request['request_id']);assert row['status']=='READY',row
AssertionError: {'request_id': 'world-001', 'status': 'FAILED', 'error': "ValueError('WORLD_WORKER_FAILED')", 'result': None, 'usage_raw': None, 'preparation_started_monotonic': 164808.745779618, 'binding': {'version': 'astra.world.public.v1', 'episode_id': '891cf86e93f54160953010020051b0ea', 'execution_epoch': 0, 'observation_ids': ['test:0002'], 'evidence_ids': [], 'reference_world_id': None, 'world_revision': 0, 'capture_times': [164808.74536909], 'calibration_hashes': ['ca35ad56c1dcce806aeb47a14f29b1307f0a354313a9f856d993ab2679137d20']}, 'backend': 'legacy_rgb_rays_v1', 'provenance': 'PUBLIC_GEOMETRY', 'worker_sha256': '06b0c53d9828dae8d43edcfb88864ce5b24cfe9e513c2988cca4db4f68002000', 'pid': 107, 'returned_monotonic': 164808.7573308, 'full_job_wall_s': 0.011551181989489123}

======================================================================
FAIL: test_h8_eight_m1_submissions_with_fresh_epochs (test_research_adapters.ResearchTests)
----------------------------------------------------------------------
Traceback (most recent call last):
  File "/home/alex/astra-realman_ws/astra-realman-persistent-semantic-binding-20261010/astra_realman_harness/tests/test_research_adapters.py", line 113, in test_h8_eight_m1_submissions_with_fresh_epochs
    self.obs,w=initial_world(self.o);p=self.a.supervisor.load(plan(self.obs,w))
  File "/home/alex/astra-realman_ws/astra-realman-persistent-semantic-binding-20261010/astra_realman_harness/tests/research_fixtures.py", line 63, in initial_world
    row=wait_job(a.world,request['request_id']);assert row['status']=='READY',row
AssertionError: {'request_id': 'world-001', 'status': 'FAILED', 'error': "ValueError('WORLD_WORKER_FAILED')", 'result': None, 'usage_raw': None, 'preparation_started_monotonic': 164808.75872566, 'binding': {'version': 'astra.world.public.v1', 'episode_id': 'c0108d36c714438483a9a284673b2105', 'execution_epoch': 0, 'observation_ids': ['test:0002'], 'evidence_ids': [], 'reference_world_id': None, 'world_revision': 0, 'capture_times': [164808.758317459], 'calibration_hashes': ['ca35ad56c1dcce806aeb47a14f29b1307f0a354313a9f856d993ab2679137d20']}, 'backend': 'legacy_rgb_rays_v1', 'provenance': 'PUBLIC_GEOMETRY', 'worker_sha256': '06b0c53d9828dae8d43edcfb88864ce5b24cfe9e513c2988cca4db4f68002000', 'pid': 109, 'returned_monotonic': 164808.77043388, 'full_job_wall_s': 0.01170822000131011}

======================================================================
FAIL: test_late_finished_model_result_is_not_ready (test_research_adapters.ResearchTests)
----------------------------------------------------------------------
Traceback (most recent call last):
  File "/home/alex/astra-realman_ws/astra-realman-persistent-semantic-binding-20261010/astra_realman_harness/tests/test_research_adapters.py", line 188, in test_late_finished_model_result_is_not_ready
    out=self.a.broker.poll(r['request_id']);self.assertEqual(out['status'],'CANCELLED');self.assertIsNone(out['parsed']);self.assertIsNotNone(out['usage_raw'])
AssertionError: unexpectedly None

======================================================================
FAIL: test_model_raw_plan_not_autocommitted_and_cannot_be_modified (test_research_adapters.ResearchTests)
----------------------------------------------------------------------
Traceback (most recent call last):
  File "/home/alex/astra-realman_ws/astra-realman-persistent-semantic-binding-20261010/astra_realman_harness/tests/test_research_adapters.py", line 121, in test_model_raw_plan_not_autocommitted_and_cannot_be_modified
    self.obs,w=initial_world(self.o);row=self.submit_wait(self.request('action',w));self.assertEqual(self.o.b.commands,[])
  File "/home/alex/astra-realman_ws/astra-realman-persistent-semantic-binding-20261010/astra_realman_harness/tests/research_fixtures.py", line 63, in initial_world
    row=wait_job(a.world,request['request_id']);assert row['status']=='READY',row
AssertionError: {'request_id': 'world-001', 'status': 'FAILED', 'error': "ValueError('WORLD_WORKER_FAILED')", 'result': None, 'usage_raw': None, 'preparation_started_monotonic': 164808.841176815, 'binding': {'version': 'astra.world.public.v1', 'episode_id': 'ae1d7afe53d64fb79bb9106825bf078b', 'execution_epoch': 0, 'observation_ids': ['test:0002'], 'evidence_ids': [], 'reference_world_id': None, 'world_revision': 0, 'capture_times': [164808.840750296], 'calibration_hashes': ['ca35ad56c1dcce806aeb47a14f29b1307f0a354313a9f856d993ab2679137d20']}, 'backend': 'legacy_rgb_rays_v1', 'provenance': 'PUBLIC_GEOMETRY', 'worker_sha256': '06b0c53d9828dae8d43edcfb88864ce5b24cfe9e513c2988cca4db4f68002000', 'pid': 115, 'returned_monotonic': 164808.853025921, 'full_job_wall_s': 0.01184910599840805}

======================================================================
FAIL: test_parse_and_api_failure_no_execution_retry_or_stub (test_research_adapters.ResearchTests)
----------------------------------------------------------------------
Traceback (most recent call last):
  File "/home/alex/astra-realman_ws/astra-realman-persistent-semantic-binding-20261010/astra_realman_harness/tests/test_research_adapters.py", line 66, in test_parse_and_api_failure_no_execution_retry_or_stub
    self.assertEqual(self.a.broker.rows['broker-001']['raw'],'{broken')
AssertionError: None != '{broken'

======================================================================
FAIL: test_partial_failure_preserves_completed_prefix_and_remainder (test_research_adapters.ResearchTests)
----------------------------------------------------------------------
Traceback (most recent call last):
  File "/home/alex/astra-realman_ws/astra-realman-persistent-semantic-binding-20261010/astra_realman_harness/tests/test_research_adapters.py", line 146, in test_partial_failure_preserves_completed_prefix_and_remainder
    self.obs,w=initial_world(self.o);p=self.a.supervisor.load(plan(self.obs,w));p=step(self.o,p)
  File "/home/alex/astra-realman_ws/astra-realman-persistent-semantic-binding-20261010/astra_realman_harness/tests/research_fixtures.py", line 63, in initial_world
    row=wait_job(a.world,request['request_id']);assert row['status']=='READY',row
AssertionError: {'request_id': 'world-001', 'status': 'FAILED', 'error': "ValueError('WORLD_WORKER_FAILED')", 'result': None, 'usage_raw': None, 'preparation_started_monotonic': 164808.931367042, 'binding': {'version': 'astra.world.public.v1', 'episode_id': 'b266ac8c6ba44c40b6eafc0bed4d6c7a', 'execution_epoch': 0, 'observation_ids': ['test:0002'], 'evidence_ids': [], 'reference_world_id': None, 'world_revision': 0, 'capture_times': [164808.93095697], 'calibration_hashes': ['ca35ad56c1dcce806aeb47a14f29b1307f0a354313a9f856d993ab2679137d20']}, 'backend': 'legacy_rgb_rays_v1', 'provenance': 'PUBLIC_GEOMETRY', 'worker_sha256': '06b0c53d9828dae8d43edcfb88864ce5b24cfe9e513c2988cca4db4f68002000', 'pid': 121, 'returned_monotonic': 164808.942861724, 'full_job_wall_s': 0.011494681995827705}

======================================================================
FAIL: test_preflight_existing_node_env_no_model (test_research_adapters.ResearchTests)
----------------------------------------------------------------------
Traceback (most recent call last):
  File "/home/alex/astra-realman_ws/astra-realman-persistent-semantic-binding-20261010/astra_realman_harness/tests/test_research_adapters.py", line 34, in test_preflight_existing_node_env_no_model
    r=isolated_preflight(self.config,self.root/'preflight');self.assertEqual(r['status'],'PASS',r)
AssertionError: 'FAIL' != 'PASS'
- FAIL
+ PASS
 : {'status': 'FAIL', 'model_calls': 0, 'source': 'FAKE_CLI_PROCESS_NOT_ASTRA', 'error': "JSONDecodeError('Expecting value: line 1 column 1 (char 0)')"}

======================================================================
FAIL: test_revision_change_in_motion_stops_and_preserves_unknown (test_research_adapters.ResearchTests)
----------------------------------------------------------------------
Traceback (most recent call last):
  File "/home/alex/astra-realman_ws/astra-realman-persistent-semantic-binding-20261010/astra_realman_harness/tests/test_research_adapters.py", line 130, in test_revision_change_in_motion_stops_and_preserves_unknown
    self.obs,w=initial_world(self.o);p=self.a.supervisor.load(plan(self.obs,w));p=self.a.supervisor.step(p['plan_id'])
  File "/home/alex/astra-realman_ws/astra-realman-persistent-semantic-binding-20261010/astra_realman_harness/tests/research_fixtures.py", line 63, in initial_world
    row=wait_job(a.world,request['request_id']);assert row['status']=='READY',row
AssertionError: {'request_id': 'world-001', 'status': 'FAILED', 'error': "ValueError('WORLD_WORKER_FAILED')", 'result': None, 'usage_raw': None, 'preparation_started_monotonic': 164808.946690506, 'binding': {'version': 'astra.world.public.v1', 'episode_id': '23764f00b68546afb77270c49760febb', 'execution_epoch': 0, 'observation_ids': ['test:0002'], 'evidence_ids': [], 'reference_world_id': None, 'world_revision': 0, 'capture_times': [164808.946299559], 'calibration_hashes': ['ca35ad56c1dcce806aeb47a14f29b1307f0a354313a9f856d993ab2679137d20']}, 'backend': 'legacy_rgb_rays_v1', 'provenance': 'PUBLIC_GEOMETRY', 'worker_sha256': '06b0c53d9828dae8d43edcfb88864ce5b24cfe9e513c2988cca4db4f68002000', 'pid': 125, 'returned_monotonic': 164808.958359809, 'full_job_wall_s': 0.011669302999507636}

======================================================================
FAIL: test_roles_have_actual_distinct_images_schema_and_raw_provenance (test_research_adapters.ResearchTests)
----------------------------------------------------------------------
Traceback (most recent call last):
  File "/home/alex/astra-realman_ws/astra-realman-persistent-semantic-binding-20261010/astra_realman_harness/tests/test_research_adapters.py", line 37, in test_roles_have_actual_distinct_images_schema_and_raw_provenance
    e=self.submit_wait(self.request(roi=[.1,.2,.8,.9]));self.assertEqual(e['status'],'READY',e)
AssertionError: 'FAILED' != 'READY'
- FAILED
+ READY
 : {'request_id': 'broker-001', 'role': 'semantic_e0', 'status': 'FAILED', 'provenance': 'FAKE_MODEL_RAW', 'parsed': None, 'evidence_id': None, 'usage_raw': None, 'server_model': 'unknown', 'server_effort': 'unknown', 'server_internal_retries': 'unknown'}

======================================================================
FAIL: test_submit_is_actual_process_and_overlaps_approved_execution (test_research_adapters.ResearchTests)
----------------------------------------------------------------------
Traceback (most recent call last):
  File "/home/alex/astra-realman_ws/astra-realman-persistent-semantic-binding-20261010/astra_realman_harness/tests/test_research_adapters.py", line 73, in test_submit_is_actual_process_and_overlaps_approved_execution
    self.assertIn('STALE_EXECUTION_EPOCH',self.a.broker.rows[r['request_id']]['error'])
AssertionError: 'STALE_EXECUTION_EPOCH' not found in "JSONDecodeError('Expecting value: line 1 column 1 (char 0)')"

======================================================================
FAIL: test_supported_horizons_and_mismatched_lengths (test_research_adapters.ResearchTests)
----------------------------------------------------------------------
Traceback (most recent call last):
  File "/home/alex/astra-realman_ws/astra-realman-persistent-semantic-binding-20261010/astra_realman_harness/tests/test_research_adapters.py", line 158, in test_supported_horizons_and_mismatched_lengths
    self.obs,w=initial_world(self.o)
  File "/home/alex/astra-realman_ws/astra-realman-persistent-semantic-binding-20261010/astra_realman_harness/tests/research_fixtures.py", line 63, in initial_world
    row=wait_job(a.world,request['request_id']);assert row['status']=='READY',row
AssertionError: {'request_id': 'world-001', 'status': 'FAILED', 'error': "ValueError('WORLD_WORKER_FAILED')", 'result': None, 'usage_raw': None, 'preparation_started_monotonic': 164809.378509121, 'binding': {'version': 'astra.world.public.v1', 'episode_id': 'ada4d9e2f74540c39fbaf6d2c5d5f5a4', 'execution_epoch': 0, 'observation_ids': ['test:0002'], 'evidence_ids': [], 'reference_world_id': None, 'world_revision': 0, 'capture_times': [164809.377646478], 'calibration_hashes': ['ca35ad56c1dcce806aeb47a14f29b1307f0a354313a9f856d993ab2679137d20']}, 'backend': 'legacy_rgb_rays_v1', 'provenance': 'PUBLIC_GEOMETRY', 'worker_sha256': '06b0c53d9828dae8d43edcfb88864ce5b24cfe9e513c2988cca4db4f68002000', 'pid': 135, 'returned_monotonic': 164809.390726822, 'full_job_wall_s': 0.012217701005283743}

======================================================================
FAIL: test_timeout_and_stop_cancel_without_second_request (test_research_adapters.ResearchTests)
----------------------------------------------------------------------
Traceback (most recent call last):
  File "/home/alex/astra-realman_ws/astra-realman-persistent-semantic-binding-20261010/astra_realman_harness/tests/test_research_adapters.py", line 92, in test_timeout_and_stop_cancel_without_second_request
    self.assertEqual(out['status'],'CANCELLED');self.assertEqual(self.a.broker.calls,1)
AssertionError: 'FAILED' != 'CANCELLED'
- FAILED
+ CANCELLED


======================================================================
FAIL: test_world_cancel_stale_epoch_and_expired_budget (test_research_adapters.ResearchTests)
----------------------------------------------------------------------
Traceback (most recent call last):
  File "/home/alex/astra-realman_ws/astra-realman-persistent-semantic-binding-20261010/astra_realman_harness/tests/test_research_adapters.py", line 174, in test_world_cancel_stale_epoch_and_expired_budget
    out=wait_job(self.a.world,r['request_id']);self.assertEqual(out['status'],'FAILED');self.assertIn('EPOCH',out['error'])
AssertionError: 'EPOCH' not found in "ValueError('WORLD_WORKER_FAILED')"

======================================================================
FAIL: test_world_process_source_timestamps_version_and_no_private_inputs (test_research_adapters.ResearchTests)
----------------------------------------------------------------------
Traceback (most recent call last):
  File "/home/alex/astra-realman_ws/astra-realman-persistent-semantic-binding-20261010/astra_realman_harness/tests/test_research_adapters.py", line 100, in test_world_process_source_timestamps_version_and_no_private_inputs
    self.obs,w=initial_world(self.o);row=self.a.world.rows['world-001']
  File "/home/alex/astra-realman_ws/astra-realman-persistent-semantic-binding-20261010/astra_realman_harness/tests/research_fixtures.py", line 63, in initial_world
    row=wait_job(a.world,request['request_id']);assert row['status']=='READY',row
AssertionError: {'request_id': 'world-001', 'status': 'FAILED', 'error': "ValueError('WORLD_WORKER_FAILED')", 'result': None, 'usage_raw': None, 'preparation_started_monotonic': 164809.463045694, 'binding': {'version': 'astra.world.public.v1', 'episode_id': 'de29f068bf0748fdb063e8745fc37fb8', 'execution_epoch': 0, 'observation_ids': ['test:0002'], 'evidence_ids': [], 'reference_world_id': None, 'world_revision': 0, 'capture_times': [164809.462593885], 'calibration_hashes': ['ca35ad56c1dcce806aeb47a14f29b1307f0a354313a9f856d993ab2679137d20']}, 'backend': 'legacy_rgb_rays_v1', 'provenance': 'PUBLIC_GEOMETRY', 'worker_sha256': '06b0c53d9828dae8d43edcfb88864ce5b24cfe9e513c2988cca4db4f68002000', 'pid': 142, 'returned_monotonic': 164809.474663989, 'full_job_wall_s': 0.011618295015068725}

======================================================================
FAIL: test_F_runtime_E_then_A_uses_actual_bbox_and_hash (test_full_pnp_infer.InferTests)
----------------------------------------------------------------------
Traceback (most recent call last):
  File "/home/alex/astra-realman_ws/astra-realman-persistent-semantic-binding-20261010/astra_realman_harness/tests/test_full_pnp_infer.py", line 119, in test_F_runtime_E_then_A_uses_actual_bbox_and_hash
    self.assertEqual(out['status'],'PASS',out['error']);self.assertEqual(out['all_role_attempts'],2)
AssertionError: 'FAIL' != 'PASS'
- FAIL
+ PASS
 : Rejected:WORKER_RETURN_OR_PARSE_FAILED_NO_RETRY:JSONDecodeError:Expecting value: line 1 column 1 (char 0)

======================================================================
FAIL: test_STOP_owner_closes_without_second_request (test_full_pnp_infer.InferTests)
----------------------------------------------------------------------
Traceback (most recent call last):
  File "/home/alex/astra-realman_ws/astra-realman-persistent-semantic-binding-20261010/astra_realman_harness/tests/test_full_pnp_infer.py", line 192, in test_STOP_owner_closes_without_second_request
    out=runtime.run();self.assertEqual(out['status'],'STOPPED');self.assertEqual(out['all_role_attempts'],1)
AssertionError: 'FAIL' != 'STOPPED'
- FAIL
+ STOPPED


======================================================================
FAIL: test_cancel_kills_stubborn_CLI_and_descendant_namespace (test_full_pnp_infer.InferTests)
----------------------------------------------------------------------
Traceback (most recent call last):
  File "/home/alex/astra-realman_ws/astra-realman-persistent-semantic-binding-20261010/astra_realman_harness/tests/test_full_pnp_infer.py", line 154, in test_cancel_kills_stubborn_CLI_and_descendant_namespace
    self.mode('forkchild');self.submit();self.wait_started()
  File "/home/alex/astra-realman_ws/astra-realman-persistent-semantic-binding-20261010/astra_realman_harness/tests/test_full_pnp_infer.py", line 144, in wait_started
    self.assertEqual(self.slot.infer_calls,1)
AssertionError: 0 != 1

======================================================================
FAIL: test_cancel_preserves_partial_raw_and_reaps (test_full_pnp_infer.InferTests)
----------------------------------------------------------------------
Traceback (most recent call last):
  File "/home/alex/astra-realman_ws/astra-realman-persistent-semantic-binding-20261010/astra_realman_harness/tests/test_full_pnp_infer.py", line 148, in test_cancel_preserves_partial_raw_and_reaps
    self.mode('partial');self.submit();self.wait_started();proc=self.slot.job['process']
  File "/home/alex/astra-realman_ws/astra-realman-persistent-semantic-binding-20261010/astra_realman_harness/tests/test_full_pnp_infer.py", line 144, in wait_started
    self.assertEqual(self.slot.infer_calls,1)
AssertionError: 0 != 1

======================================================================
FAIL: test_failure_audit_preserves_raw_usage_and_actual_wire (test_full_pnp_infer.InferTests)
----------------------------------------------------------------------
Traceback (most recent call last):
  File "/home/alex/astra-realman_ws/astra-realman-persistent-semantic-binding-20261010/astra_realman_harness/tests/test_full_pnp_infer.py", line 180, in test_failure_audit_preserves_raw_usage_and_actual_wire
    self.assertEqual(row['bridge_wire_status'],'PASS');self.assertEqual(row['raw'],'{broken')
AssertionError: 'NOT_SENT' != 'PASS'
- NOT_SENT
+ PASS


======================================================================
FAIL: test_preflight_same_sandbox_versions_only (test_full_pnp_infer.InferTests)
----------------------------------------------------------------------
Traceback (most recent call last):
  File "/home/alex/astra-realman_ws/astra-realman-persistent-semantic-binding-20261010/astra_realman_harness/tests/test_full_pnp_infer.py", line 97, in test_preflight_same_sandbox_versions_only
    self.assertEqual(r['status'],'PASS',r)
AssertionError: 'FAIL' != 'PASS'
- FAIL
+ PASS
 : {'status': 'FAIL', 'model_calls': 0, 'source': 'FAKE_CLI_PROCESS_NOT_ASTRA', 'error': "JSONDecodeError('Expecting value: line 1 column 1 (char 0)')"}

======================================================================
FAIL: test_raw_failure_api_failure_missing_no_fallback_or_retry (test_full_pnp_infer.InferTests)
----------------------------------------------------------------------
Traceback (most recent call last):
  File "/home/alex/astra-realman_ws/astra-realman-persistent-semantic-binding-20261010/astra_realman_harness/tests/test_full_pnp_infer.py", line 139, in test_raw_failure_api_failure_missing_no_fallback_or_retry
    self.assertEqual(self.slot.calls,3);self.assertEqual(self.slot.infer_calls,3)
AssertionError: 0 != 3

----------------------------------------------------------------------
Ran 240 tests in 71.842s

FAILED (failures=42, errors=7)
