test_all_horizons_and_terminal (test_strict_schema.BrokerContracts) ... ok
test_incompatible_nested_schema_fails_before_process (test_strict_schema.BrokerContracts) ... ok
test_local_reground (test_strict_schema.BrokerContracts) ... ok
test_negative_action_bindings_and_suffix (test_strict_schema.BrokerContracts) ... ok
test_negative_bindings_and_envelope (test_strict_schema.BrokerContracts) ... ok
test_negative_semantic_ids_and_pixels (test_strict_schema.BrokerContracts) ... ok
test_semantic_success_no_auto_action (test_strict_schema.BrokerContracts) ... ok
test_stale_epoch_and_world_after_receipt (test_strict_schema.BrokerContracts) ... ok
test_strict_raw_duplicate_nan_truncated (test_strict_schema.BrokerContracts) ... ok
test_legacy_oneof_local_preserved (test_strict_schema.SchemaTests) ... ok
test_recursive_missing_types_rejected (test_strict_schema.SchemaTests) ... ok
test_types_null_arrays_and_objects (test_strict_schema.SchemaTests) ... ok
test_unbound_dynamic_map_fails (test_strict_schema.SchemaTests) ... ok
test_unsupported_keywords_closed_root_and_limits (test_strict_schema.SchemaTests) ... ok
test_bbox_clipped_by_selected_roi_remains_unknown (test_research_adapters.ResearchTests) ... ok
test_cancel_retains_partial_raw_null_usage (test_research_adapters.ResearchTests) ... ok
test_cancelled_supervisor_never_executes_or_reclassifies_completed (test_research_adapters.ResearchTests) ... ok
test_epoch_change_inside_micro_chunk_invalidates_and_stops (test_research_adapters.ResearchTests) ... ok
test_epoch_or_world_revision_change_discards_remaining (test_research_adapters.ResearchTests) ... ok
test_fixture_evidence_cannot_enter_real_provider (test_research_adapters.ResearchTests) ... ok
test_generic_identity_cannot_be_declared_verified_by_model (test_research_adapters.ResearchTests) ... ok
test_gripper_barrier_discards_future_even_if_geometry_unchanged (test_research_adapters.ResearchTests) ... ok
test_h8_eight_m1_submissions_with_fresh_epochs (test_research_adapters.ResearchTests) ... ok
test_historical_bbox_does_not_become_current_object_state (test_research_adapters.ResearchTests) ... ok
test_late_finished_model_result_is_not_ready (test_research_adapters.ResearchTests) ... ok
test_model_raw_plan_not_autocommitted_and_cannot_be_modified (test_research_adapters.ResearchTests) ... ok
test_native_subagent_explicitly_unverified_never_coroutine_acceptance (test_research_adapters.ResearchTests) ... ok
test_parse_and_api_failure_no_execution_retry_or_stub (test_research_adapters.ResearchTests) ... ok
test_partial_failure_preserves_completed_prefix_and_remainder (test_research_adapters.ResearchTests) ... ok
test_preflight_existing_node_env_no_model (test_research_adapters.ResearchTests) ... ok
test_revision_change_in_motion_stops_and_preserves_unknown (test_research_adapters.ResearchTests) ... ok
test_roi_bbox_is_bound_to_actual_attachment_not_other_view (test_research_adapters.ResearchTests) ... ok
test_roles_have_actual_distinct_images_schema_and_raw_provenance (test_research_adapters.ResearchTests) ... ok
test_single_model_slot_and_shared_baseline_budget (test_research_adapters.ResearchTests) ... ok
test_submit_is_actual_process_and_overlaps_approved_execution (test_research_adapters.ResearchTests) ... ok
test_supported_horizons_and_mismatched_lengths (test_research_adapters.ResearchTests) ... ok
test_timeout_and_stop_cancel_without_second_request (test_research_adapters.ResearchTests) ... ok
test_unknown_ids_bad_roi_schema_fail_without_launch (test_research_adapters.ResearchTests) ... ok
test_world_cancel_stale_epoch_and_expired_budget (test_research_adapters.ResearchTests) ... ok
test_world_process_source_timestamps_version_and_no_private_inputs (test_research_adapters.ResearchTests) ... ok
test_already_queued_proposals_drain_during_motion_without_nested_execute (test_research_adapters.RpcMultiplexTests) ... ok
test_current_observation_projection_drops_private_state_poison (test_research_adapters.RpcMultiplexTests) ... ok
test_out_of_order_replies_preserve_execution_result_binding (test_research_adapters.RpcMultiplexTests) ... ok
test_all_horizons_same_step_semantics_and_m1 (test_lwh_integration.LWHIntegrationTests) ... ok
test_camera_axis_and_intrinsic_backprojection_roundtrip (test_lwh_integration.LWHIntegrationTests) ... ok
test_fixed_and_adaptive_suffix_use_same_owner_and_m1 (test_lwh_integration.LWHIntegrationTests) ... ok
test_fixed_prefix_stops_at_K_without_requesting_E (test_lwh_integration.LWHIntegrationTests) ... ok
test_frozen_three_view_semantic_fusion_multiple_entities_unknown_and_raw (test_lwh_integration.LWHIntegrationTests) ... ok
test_fusion_rejects_mismatched_source_and_nonlearned_geometry (test_lwh_integration.LWHIntegrationTests) ... ok
test_future_observation_and_forecast_prefix_binding (test_lwh_integration.LWHIntegrationTests) ... ok
test_generic_owner_evidence_gap_stays_shadow (test_lwh_integration.LWHIntegrationTests) ... ok
test_geometry_only_revision_can_change_without_rewriting_plan (test_lwh_integration.LWHIntegrationTests) ... ok
test_independent_chunk_and_world_losses_fixed_adaptive_and_unknown (test_lwh_integration.LWHIntegrationTests) ... ok
test_last_waypoint_also_checked_nominal_is_not_actual_completion (test_lwh_integration.LWHIntegrationTests) ... ok
test_learned_runtime_mounts_do_not_expose_workspace_ancestor (test_lwh_integration.LWHIntegrationTests) ... ok
test_manual_plan_cannot_claim_model_raw (test_lwh_integration.LWHIntegrationTests) ... ok
test_no_config_or_model_cannot_launch_jobs (test_lwh_integration.LWHIntegrationTests) ... ok
test_one_waypoint_then_fresh_postcheck_unknown_aborts_suffix (test_lwh_integration.LWHIntegrationTests) ... ok
test_owner_rejection_and_pending_token_not_bypassed (test_lwh_integration.LWHIntegrationTests) ... ok
test_raw_stamp_and_immutable_read_set_no_self_signed_source (test_lwh_integration.LWHIntegrationTests) ... ok
test_sample_output_uses_depth_not_bbox_triangulation (test_lwh_integration.LWHIntegrationTests) ... ok
test_schema_artifacts_match_code (test_lwh_integration.LWHIntegrationTests) ... ok
test_stage_terminal_and_no_padding_or_contact (test_lwh_integration.LWHIntegrationTests) ... ok
test_typed_request_still_requires_exact_const_before_supervisor_load (test_lwh_integration.LWHIntegrationTests) ... ok
test_depth_discontinuity_splits_touching_pixels (test_semantic_interfaces.ComponentTests) ... ok
test_invalid_depth_unknown (test_semantic_interfaces.ComponentTests) ... ok
test_multiple_components_unknown (test_semantic_interfaces.ComponentTests) ... ok
test_roi_truncation_and_frame_clipping_unknown (test_semantic_interfaces.ComponentTests) ... ok
test_unique_component (test_semantic_interfaces.ComponentTests) ... ok
test_bad_observation_and_duplicate_views_rejected (test_semantic_interfaces.InterfaceTests) ... ok
test_calibration_movement_is_measurement_not_contract_change (test_semantic_interfaces.InterfaceTests) ... ok
test_competing_ids_not_largest_component_choice (test_semantic_interfaces.InterfaceTests) ... ok
test_initial_request_three_full_same_frame (test_semantic_interfaces.InterfaceTests) ... ok
test_missing_sensor_or_forged_image_rejected (test_semantic_interfaces.InterfaceTests) ... ok
test_query_is_compact_and_preserves_version_source (test_semantic_interfaces.InterfaceTests) ... ok
test_query_unknown_history_stays_separate (test_semantic_interfaces.InterfaceTests) ... ok
test_real_entry_rejects_diagnostic_without_dispatch (test_semantic_interfaces.InterfaceTests) ... ok
test_saved_sensor_bbox_mask_build_keeps_provenance_and_admission (test_semantic_interfaces.InterfaceTests) ... ok
test_selection_and_budget_no_silent_truncation (test_semantic_interfaces.InterfaceTests) ... ok
test_semantic_input_whitelist_action_proprioception (test_semantic_interfaces.InterfaceTests) ... ok
test_unknown_id_and_partial_view_never_measured (test_semantic_interfaces.InterfaceTests) ... ok
test_visibility_never_promotes_unknown (test_semantic_interfaces.InterfaceTests) ... ok
test_archived_single_object_cannot_claim_s1_coverage (test_s1_preparation.S1PreparationTests) ... ok
test_bad_annotation_hash_rejected (test_s1_preparation.S1PreparationTests) ... ok
test_default_is_read_only_and_no_actual_coverage_claim (test_s1_preparation.S1PreparationTests) ... ok
test_denied_and_wrong_scope_never_authorize (test_s1_preparation.S1PreparationTests) ... ok
test_e0_payload_excludes_depth_and_annotation (test_s1_preparation.S1PreparationTests) ... ok
test_help_and_default_do_not_import_physics_or_model (test_s1_preparation.S1PreparationTests) ... ok
test_protocol_bound_approval_contract_only (test_s1_preparation.S1PreparationTests) ... ok
test_runtime_source_pins_checked_without_importing_runtime (test_s1_preparation.S1PreparationTests) ... ok
test_B_action_from_actual_raw_and_frozen_payload (test_full_pnp_infer.InferTests) ... ok
test_E_parse_failure_prevents_A_launch (test_full_pnp_infer.InferTests) ... ok
test_F_runtime_E_then_A_uses_actual_bbox_and_hash (test_full_pnp_infer.InferTests) ... ok
test_STOP_owner_closes_without_second_request (test_full_pnp_infer.InferTests) ... ok
test_attempt_cap_and_preparation_launch_failures (test_full_pnp_infer.InferTests) ... ok
test_cancel_kills_stubborn_CLI_and_descendant_namespace (test_full_pnp_infer.InferTests) ... ok
test_cancel_preserves_partial_raw_and_reaps (test_full_pnp_infer.InferTests) ... ok
test_failure_audit_preserves_raw_usage_and_actual_wire (test_full_pnp_infer.InferTests) ... ok
test_preflight_same_sandbox_versions_only (test_full_pnp_infer.InferTests) ... ok
test_raw_failure_api_failure_missing_no_fallback_or_retry (test_full_pnp_infer.InferTests) ... ok
test_remaining_budget_in_actual_infer_marker (test_full_pnp_infer.InferTests) ... ok
test_tampered_frozen_payload_fails_before_infer (test_full_pnp_infer.InferTests) ... ok
test_timeout_and_late_result_do_not_adopt (test_full_pnp_infer.InferTests) ... ok
test_fixed_new_budget_and_failure_classification (test_full_pnp_infer.PairEntryTests) ... ok
test_no_enable_no_process_or_scene (test_full_pnp_infer.PairEntryTests) ... ok
test_pair_launches_exactly_B_F_with_fresh_caps (test_full_pnp_infer.PairEntryTests) ... ok
test_pair_protocol_failure_does_not_launch_F (test_full_pnp_infer.PairEntryTests) ... ok
test_preflight_failure_before_backend_creation (test_full_pnp_infer.PairEntryTests) ... ok
test_archived_rgb_projection_hash_integrity_and_partial_failure (test_platform_v1.BoundaryRegressionTests) ... ok
test_model_observe_and_finish_consumed_once_through_gate (test_platform_v1.BoundaryRegressionTests) ... ok
test_owner_minimum_check_cannot_be_omitted (test_platform_v1.BoundaryRegressionTests) ... ok
test_partial_result_preserves_completed_prefix_and_remainder (test_platform_v1.BoundaryRegressionTests) ... ok
test_preflight_failure_before_scene_has_durable_report (test_platform_v1.BoundaryRegressionTests) ... ok
test_runner_preserves_malformed_partial_stream_and_cleanup_failure (test_platform_v1.BoundaryRegressionTests)
Real local child process, entirely fake scene owner; no GPU/model/SDK. ... ok
test_unexpected_backend_exception_does_not_claim_nothing_executed (test_platform_v1.BoundaryRegressionTests) ... ok
test_chunk_cap_allows_observe_but_no_13th_action (test_platform_v1.Tests) ... ok
test_client_binds_reply_and_does_not_invoke_executor (test_platform_v1.Tests) ... ok
test_engineering_targets_redacted_real_submitted_actions_preserved (test_platform_v1.Tests) ... ok
test_fake_candidate_cannot_be_changed_or_reused (test_platform_v1.Tests) ... ok
test_finish_ack_has_no_score_and_unknown_allowed (test_platform_v1.Tests) ... ok
test_private_score_not_dispatchable (test_platform_v1.Tests) ... ok
test_replay_never_executes_or_scores (test_platform_v1.Tests) ... ok
test_reset_requires_new_owner_process (test_platform_v1.Tests) ... ok
test_source_cannot_survive_execution_epoch (test_platform_v1.Tests) ... ok
test_stop_arrival_in_hook_prevents_next_step (test_platform_v1.Tests) ... ok
test_version_and_method_fields_fail_closed (test_platform_v1.Tests) ... ok
test_environment_preserves_only_original_allowlist (test_cli_environment.EnvironmentTests) ... ok
test_preflight_failure_exits_before_physical_scene (test_cli_environment.EnvironmentTests) ... ok
test_preflight_timeout_records_failure_without_inference (test_cli_environment.EnvironmentTests) ... ok
test_symlink_keeps_new_node_for_preflight_and_actual_worker (test_cli_environment.EnvironmentTests) ... ok
test_archived_B003_consumes_attempt_but_never_becomes_ready_or_retries (test_full_pnp_requirements.RequirementTests) ... ok
test_archived_B003_old_schema_accepts_new_schema_parser_reject_unchanged (test_full_pnp_requirements.RequirementTests) ... ok
test_done_requires_goal_while_observe_stop_remain_legal (test_full_pnp_requirements.RequirementTests) ... ok
test_missing_empty_wrong_type_and_unknown_declarations_are_rejected (test_full_pnp_requirements.RequirementTests) ... ok
test_owner_minimums_survive_minimal_model_declaration (test_full_pnp_requirements.RequirementTests) ... ok
test_same_vocabulary_in_schema_projection_parser_and_RGB (test_full_pnp_requirements.RequirementTests) ... ok
test_unknowns_rejected_before_geometry_RGB_or_owner_submission (test_full_pnp_requirements.RequirementTests) ... ok
test_episode_passes_budget_to_runtime_from_fresh_backend (test_full_pnp_qualification.PairTimingTests) ... ok
test_pair_mode_caps_and_watchdog_propagation (test_full_pnp_qualification.PairTimingTests) ... ok
test_qualification_requires_explicit_enable_before_any_side_effect (test_full_pnp_qualification.PairTimingTests) ... ok
test_startup_allowance_preserves_full_episode_and_cleanup (test_full_pnp_qualification.PairTimingTests) ... ok
test_E_then_A_share_original_deadline_and_remaining_budget (test_full_pnp_qualification.TimingTests) ... ok
test_completion_checkpoint_is_success_only_and_not_a_cutoff (test_full_pnp_qualification.TimingTests) ... ok
test_every_role_and_failed_launch_consume_same_20_attempts (test_full_pnp_qualification.TimingTests) ... ok
test_external_STOP_cancels_before_new_deadline (test_full_pnp_qualification.TimingTests) ... ok
test_over_30_survives_until_90_and_standard_still_cancels_at_30 (test_full_pnp_qualification.TimingTests) ... ok
test_remaining_episode_time_wins_over_request_cap (test_full_pnp_qualification.TimingTests) ... ok
test_runtime_standard_rejects_90_and_qualification_rejects_over_caps (test_full_pnp_qualification.TimingTests) ... ok
test_worker_actual_budget_and_wire_identical_across_modes (test_full_pnp_qualification.TimingTests) ... ok
test_E_cannot_return_actions (test_full_pnp_runtime.RuntimeTests) ... ok
test_model_stop_during_execution_withdraws_permission (test_full_pnp_runtime.RuntimeTests) ... ok
test_no_valid_candidate_keeps_drives_and_physics_ticks (test_full_pnp_runtime.RuntimeTests) ... ok
test_parent_failure_invalidates_candidate_and_no_history_success (test_full_pnp_runtime.RuntimeTests) ... ok
test_scheduler_runs_during_motion_but_never_across_gripper (test_full_pnp_runtime.RuntimeTests) ... ok
test_stop_discards_future_and_prevents_commands (test_full_pnp_runtime.RuntimeTests) ... ok
test_worker_slot_refuses_second_request (test_full_pnp_runtime.RuntimeTests) ... ok
test_worker_timeout_cannot_start_second_request (test_full_pnp_runtime.RuntimeTests) ... ok
test_different_observed_pixels_change_stub_pose (test_full_pnp_runtime.WireAndRGBTests) ... ok
test_final_infer_payload_and_strict_role_schemas (test_full_pnp_runtime.WireAndRGBTests) ... ok
test_task_revision_and_E_hash_invalidate (test_full_pnp_runtime.WireAndRGBTests) ... ok
test_a_stream_and_model_sets_are_separate_without_switching (test_evidence_hardening.HardeningTests) ... ok
test_c_wrapper_propagates_runner_codes_and_legacy_budget_two (test_evidence_hardening.HardeningTests) ... ok
test_r1_duplicate_path_episode_and_conflicting_modes (test_evidence_hardening.HardeningTests) ... ok
test_r1_shadow_execute_sources_unknown_and_zero_dispatch (test_evidence_hardening.HardeningTests) ... ok
test_r2_attachment_reference_and_gui_image_are_rejected (test_evidence_hardening.HardeningTests) ... ok
test_r2_valid_missing_hash_dimensions_reference_agree_across_exports (test_evidence_hardening.HardeningTests) ... ok
test_r3_snapshot_immutable_review_versioned_and_no_model_contamination (test_evidence_hardening.HardeningTests) ... ok
test_r3_wrong_episode_not_valid_and_changed_capture_refused (test_evidence_hardening.HardeningTests) ... ok
test_r4_numeric_usage_preserved_credentials_redacted_step_and_capture (test_evidence_hardening.HardeningTests) ... ok
test_r4_prepared_zip_retains_usage (test_evidence_hardening.HardeningTests) ... ok
test_r5_controlled_runtime_files_for_gui_wrapper_and_direct_cli (test_evidence_hardening.HardeningTests) ... ok
test_backend_failure_not_ik (test_codex_astra_backend.Tests) ... ok
test_exact_context_action_and_raw (test_codex_astra_backend.Tests) ... ok
test_invalid_action (test_codex_astra_backend.Tests) ... ok
test_no_provider_fallback (test_codex_astra_backend.Tests) ... ok
test_stop_prevents_request (test_codex_astra_backend.Tests) ... ok
test_tool_event_rejected (test_codex_astra_backend.Tests) ... ok
test_annotations_reject_future_fields_wrong_image_and_out_of_range (test_replay_evidence.ReplayTests) ... ok
test_dimensions_and_future_transition_rejected (test_replay_evidence.ReplayTests) ... ok
test_future_and_after_image_rejected (test_replay_evidence.ReplayTests) ... ok
test_hash_observation_reference_and_step_mismatch_block_images (test_replay_evidence.ReplayTests) ... ok
test_independent_controls_preserve_original_task_and_history (test_replay_evidence.ReplayTests) ... ok
test_markers_are_post_hoc_and_export_is_portable (test_replay_evidence.ReplayTests) ... ok
test_missing_before_and_after_are_never_substituted (test_replay_evidence.ReplayTests) ... ok
test_pairing_reordered_after_and_zero_dispatch (test_replay_evidence.ReplayTests) ... ok
test_real_backend_payload_accepts_four_attachments_without_hardware (test_replay_evidence.ReplayTests) ... ok
test_visual_history_first_and_missing_image_are_explicit (test_replay_evidence.ReplayTests) ... ok
test_visual_history_fourth_is_previous_fixed_before_and_base_unchanged (test_replay_evidence.ReplayTests) ... ok
test_API_failure_missing_usage_null (test_frozen_pnp_diagnostic.FrozenTests) ... ok
test_event_warning_is_preserved_with_completion (test_frozen_pnp_diagnostic.FrozenTests) ... ok
test_launch_failure_consumes_bundle_and_report_is_complete (test_frozen_pnp_diagnostic.FrozenTests) ... ok
test_malformed_raw_preserves_usage_no_repair_or_retry (test_frozen_pnp_diagnostic.FrozenTests) ... ok
test_no_authorization_no_attempt (test_frozen_pnp_diagnostic.FrozenTests) ... ok
test_prepare_exact_payload_prompt_schema_and_no_launch (test_frozen_pnp_diagnostic.FrozenTests) ... ok
test_raw_chunk_parsed_only_90_not_old_30 (test_frozen_pnp_diagnostic.FrozenTests) ... ok
test_tamper_rejected_before_model_and_fixed_cap (test_frozen_pnp_diagnostic.FrozenTests) ... ok
test_timeout_partial_raw_cancelled_no_parse (test_frozen_pnp_diagnostic.FrozenTests) ... ok

----------------------------------------------------------------------
Ran 197 tests in 53.577s

OK
