test_all_depth_holes_unknown_no_models (test_geometry_first_v2.GeometryTests) ... ok
test_geometry_build_signature_cannot_accept_semantics (test_geometry_first_v2.GeometryTests) ... ok
test_invalid_plane_rejected (test_geometry_first_v2.GeometryTests) ... ok
test_duplicate_or_nonjson_raw_rejected_no_retries (test_geometry_first_v2.ReviewTests) ... ok
test_exact_preparation_zero_attempts_no_worker_or_auth_environment (test_geometry_first_v2.ReviewTests) ... ok
test_geometry_update_not_misrepresented_as_accepted (test_geometry_first_v2.ReviewTests) ... ok
test_grounding_broker_parse_and_closed_schema_no_xyz_metadata_echo (test_geometry_first_v2.ReviewTests) ... ok
test_grounding_ids_unknown_extra_xyz_and_target_rejected (test_geometry_first_v2.ReviewTests) ... ok
test_grounding_partial_or_semantic_input_request_forbidden (test_geometry_first_v2.ReviewTests) ... ok
test_grounding_reassociation_request_refs_and_bbox (test_geometry_first_v2.ReviewTests) ... ok
test_review_eligibility_does_not_change_legacy_20mm_gate (test_geometry_first_v2.ReviewTests) ... ok
test_review_nonfinite_rejected (test_geometry_first_v2.ReviewTests) ... ok
test_review_wire_whitelist_and_three_images (test_geometry_first_v2.ReviewTests) ... ok
test_shadow_H_length_and_read_versions_rejected (test_geometry_first_v2.ReviewTests) ... ok
test_shadow_actual_robot_state_and_compact_context (test_geometry_first_v2.ReviewTests) ... ok
test_shadow_contradictory_refusal_rejected (test_geometry_first_v2.ReviewTests) ... ok
test_shadow_no_fake_source_stamp_or_unattached_evidence (test_geometry_first_v2.ReviewTests) ... ok
test_shadow_ready_never_action_ready_or_executable (test_geometry_first_v2.ReviewTests) ... ok
test_shadow_refusal_and_need_evidence_accepted (test_geometry_first_v2.ReviewTests) ... ok
test_shadow_schema_cannot_be_replaced (test_geometry_first_v2.ReviewTests) ... ok
test_shadow_stage_terminal_and_illegal_terminal (test_geometry_first_v2.ReviewTests) ... ok
test_shadow_stale_epoch_and_revision (test_geometry_first_v2.ReviewTests) ... ok
test_shadow_task_usable_pass_cannot_enter_supervisor (test_geometry_first_v2.ReviewTests) ... ok
test_shadow_true_grant_or_nonzero_K_rejected (test_geometry_first_v2.ReviewTests) ... ok
test_chunk_end_requests_A_not_semantic (test_geometry_first_v2.ScheduleTests) ... ok
test_each_semantic_event_only_if_task_relevant (test_geometry_first_v2.ScheduleTests) ... ok
test_geometry_deviation_clear_identity_cheap_update_no_semantic (test_geometry_first_v2.ScheduleTests) ... ok
test_missing_or_out_of_order_update_rejected (test_geometry_first_v2.ScheduleTests) ... ok
test_world_observation_epoch_binding (test_geometry_first_v2.ScheduleTests) ... ok
test_all_horizons_and_terminal (test_strict_schema.BrokerContracts) ... ok
test_incompatible_nested_schema_fails_before_process (test_strict_schema.BrokerContracts) ... ok
test_local_reground (test_strict_schema.BrokerContracts) ... ok
test_negative_action_bindings_and_suffix (test_strict_schema.BrokerContracts) ... ok
test_negative_bindings_and_envelope (test_strict_schema.BrokerContracts) ... ok
test_negative_semantic_ids_and_pixels (test_strict_schema.BrokerContracts) ... ok
test_semantic_success_no_auto_action (test_strict_schema.BrokerContracts) ... ok
test_stale_epoch_and_world_after_receipt (test_strict_schema.BrokerContracts) ... ok
test_strict_raw_duplicate_nan_truncated (test_strict_schema.BrokerContracts) ... ok
test_legacy_oneof_local_preserved (test_strict_schema.SchemaTests) ... ok
test_recursive_missing_types_rejected (test_strict_schema.SchemaTests) ... ok
test_types_null_arrays_and_objects (test_strict_schema.SchemaTests) ... ok
test_unbound_dynamic_map_fails (test_strict_schema.SchemaTests) ... ok
test_unsupported_keywords_closed_root_and_limits (test_strict_schema.SchemaTests) ... ok
test_depth_discontinuity_splits_touching_pixels (test_semantic_interfaces.ComponentTests) ... ok
test_invalid_depth_unknown (test_semantic_interfaces.ComponentTests) ... ok
test_multiple_components_unknown (test_semantic_interfaces.ComponentTests) ... ok
test_roi_truncation_and_frame_clipping_unknown (test_semantic_interfaces.ComponentTests) ... ok
test_unique_component (test_semantic_interfaces.ComponentTests) ... ok
test_bad_observation_and_duplicate_views_rejected (test_semantic_interfaces.InterfaceTests) ... ok
test_calibration_movement_is_measurement_not_contract_change (test_semantic_interfaces.InterfaceTests) ... ok
test_competing_ids_not_largest_component_choice (test_semantic_interfaces.InterfaceTests) ... ok
test_initial_request_three_full_same_frame (test_semantic_interfaces.InterfaceTests) ... ok
test_missing_sensor_or_forged_image_rejected (test_semantic_interfaces.InterfaceTests) ... ok
test_query_is_compact_and_preserves_version_source (test_semantic_interfaces.InterfaceTests) ... ok
test_query_unknown_history_stays_separate (test_semantic_interfaces.InterfaceTests) ... ok
test_real_entry_rejects_diagnostic_without_dispatch (test_semantic_interfaces.InterfaceTests) ... ok
test_saved_sensor_bbox_mask_build_keeps_provenance_and_admission (test_semantic_interfaces.InterfaceTests) ... ok
test_selection_and_budget_no_silent_truncation (test_semantic_interfaces.InterfaceTests) ... ok
test_semantic_input_whitelist_action_proprioception (test_semantic_interfaces.InterfaceTests) ... ok
test_unknown_id_and_partial_view_never_measured (test_semantic_interfaces.InterfaceTests) ... ok
test_visibility_never_promotes_unknown (test_semantic_interfaces.InterfaceTests) ... ok
test_build_and_update_no_worker_or_broker_dispatch (test_rgbd_world.RGBDTests) ... ok
test_camera_roundtrip_no_GT (test_rgbd_world.RGBDTests) ... ok
test_depth_hash_rejected (test_rgbd_world.RGBDTests) ... ok
test_depth_occlusion_unknown_and_recovery (test_rgbd_world.RGBDTests) ... ok
test_duplicate_instance_geometry_claims_unknown (test_rgbd_world.RGBDTests) ... ok
test_dynamic_geometry_not_accumulated_as_static (test_rgbd_world.RGBDTests) ... ok
test_empty_depth_unknown_with_history_not_stale_geometry (test_rgbd_world.RGBDTests) ... ok
test_future_completion_and_feedback_rejected (test_rgbd_world.RGBDTests) ... ok
test_invalid_execution_evidence_cannot_be_usable (test_rgbd_world.RGBDTests) ... ok
test_missing_or_duplicate_depth_cameras_rejected (test_rgbd_world.RGBDTests) ... ok
test_nonfinite_sensor_timestamps_rejected (test_rgbd_world.RGBDTests) ... ok
test_old_frame_or_unsynchronized_depth_rejected (test_rgbd_world.RGBDTests) ... ok
test_path_escape_rejected (test_rgbd_world.RGBDTests) ... ok
test_rebuild_never_automatically_dispatches_model (test_rgbd_world.RGBDTests) ... ok
test_resize_alignment_rejected (test_rgbd_world.RGBDTests) ... ok
test_rgb_binding_rejected (test_rgbd_world.RGBDTests) ... ok
test_shadow_and_physical_admission_still_require_task_evidence (test_rgbd_world.RGBDTests) ... ok
test_true_sensor_data_metric_and_aligned (test_rgbd_world.RGBDTests) ... ok
test_units_not_silently_converted (test_rgbd_world.RGBDTests) ... ok
test_current_detection_does_not_copy_historical_bbox (test_lwh_update.GeometryGateTests) ... ok
test_finite_and_known_alone_cannot_authorize_planning (test_lwh_update.GeometryGateTests) ... ok
test_nonfinite_is_separate_failure (test_lwh_update.GeometryGateTests) ... ok
test_repeated_source_and_precompletion_input_rejected (test_lwh_update.GeometryGateTests) ... ok
test_sealed_failure_numeric_valid_but_plane_conflict_not_task_usable (test_lwh_update.GeometryGateTests) ... ok
test_direct_broker_cannot_bypass_geometry_gate (test_lwh_update.LifecycleTests) ... ok
test_rebuild_request_does_not_dispatch (test_lwh_update.LifecycleTests) ... ok
test_revision_changed_during_compute_cannot_merge (test_lwh_update.LifecycleTests) ... ok
test_stale_update_cannot_merge (test_lwh_update.LifecycleTests) ... ok
test_update_uses_existing_store_and_never_submits_learning_or_broker (test_lwh_update.LifecycleTests) ... ok
test_all_horizons_same_step_semantics_and_m1 (test_lwh_integration.LWHIntegrationTests) ... ok
test_camera_axis_and_intrinsic_backprojection_roundtrip (test_lwh_integration.LWHIntegrationTests) ... ok
test_fixed_and_adaptive_suffix_use_same_owner_and_m1 (test_lwh_integration.LWHIntegrationTests) ... ok
test_fixed_prefix_stops_at_K_without_requesting_E (test_lwh_integration.LWHIntegrationTests) ... ok
test_frozen_three_view_semantic_fusion_multiple_entities_unknown_and_raw (test_lwh_integration.LWHIntegrationTests) ... ok
test_fusion_rejects_mismatched_source_and_nonlearned_geometry (test_lwh_integration.LWHIntegrationTests) ... ok
test_future_observation_and_forecast_prefix_binding (test_lwh_integration.LWHIntegrationTests) ... ok
test_generic_owner_evidence_gap_stays_shadow (test_lwh_integration.LWHIntegrationTests) ... ok
test_geometry_only_revision_can_change_without_rewriting_plan (test_lwh_integration.LWHIntegrationTests) ... ok
test_independent_chunk_and_world_losses_fixed_adaptive_and_unknown (test_lwh_integration.LWHIntegrationTests) ... ok
test_last_waypoint_also_checked_nominal_is_not_actual_completion (test_lwh_integration.LWHIntegrationTests) ... ok
test_learned_runtime_mounts_do_not_expose_workspace_ancestor (test_lwh_integration.LWHIntegrationTests) ... ok
test_manual_plan_cannot_claim_model_raw (test_lwh_integration.LWHIntegrationTests) ... ok
test_no_config_or_model_cannot_launch_jobs (test_lwh_integration.LWHIntegrationTests) ... ok
test_one_waypoint_then_fresh_postcheck_unknown_aborts_suffix (test_lwh_integration.LWHIntegrationTests) ... ok
test_owner_rejection_and_pending_token_not_bypassed (test_lwh_integration.LWHIntegrationTests) ... ok
test_raw_stamp_and_immutable_read_set_no_self_signed_source (test_lwh_integration.LWHIntegrationTests) ... ok
test_sample_output_uses_depth_not_bbox_triangulation (test_lwh_integration.LWHIntegrationTests) ... ok
test_schema_artifacts_match_code (test_lwh_integration.LWHIntegrationTests) ... ok
test_stage_terminal_and_no_padding_or_contact (test_lwh_integration.LWHIntegrationTests) ... ok
test_typed_request_still_requires_exact_const_before_supervisor_load (test_lwh_integration.LWHIntegrationTests) ... ok
test_bbox_clipped_by_selected_roi_remains_unknown (test_research_adapters.ResearchTests) ... ok
test_cancel_retains_partial_raw_null_usage (test_research_adapters.ResearchTests) ... ok
test_cancelled_supervisor_never_executes_or_reclassifies_completed (test_research_adapters.ResearchTests) ... ok
test_epoch_change_inside_micro_chunk_invalidates_and_stops (test_research_adapters.ResearchTests) ... ok
test_epoch_or_world_revision_change_discards_remaining (test_research_adapters.ResearchTests) ... ok
test_fixture_evidence_cannot_enter_real_provider (test_research_adapters.ResearchTests) ... ok
test_generic_identity_cannot_be_declared_verified_by_model (test_research_adapters.ResearchTests) ... ok
test_gripper_barrier_discards_future_even_if_geometry_unchanged (test_research_adapters.ResearchTests) ... ok
test_h8_eight_m1_submissions_with_fresh_epochs (test_research_adapters.ResearchTests) ... ok
test_historical_bbox_does_not_become_current_object_state (test_research_adapters.ResearchTests) ... ok
test_late_finished_model_result_is_not_ready (test_research_adapters.ResearchTests) ... ok
test_model_raw_plan_not_autocommitted_and_cannot_be_modified (test_research_adapters.ResearchTests) ... ok
test_native_subagent_explicitly_unverified_never_coroutine_acceptance (test_research_adapters.ResearchTests) ... ok
test_parse_and_api_failure_no_execution_retry_or_stub (test_research_adapters.ResearchTests) ... ok
test_partial_failure_preserves_completed_prefix_and_remainder (test_research_adapters.ResearchTests) ... ok
test_preflight_existing_node_env_no_model (test_research_adapters.ResearchTests) ... ok
test_revision_change_in_motion_stops_and_preserves_unknown (test_research_adapters.ResearchTests) ... ok
test_roi_bbox_is_bound_to_actual_attachment_not_other_view (test_research_adapters.ResearchTests) ... ok
test_roles_have_actual_distinct_images_schema_and_raw_provenance (test_research_adapters.ResearchTests) ... ok
test_single_model_slot_and_shared_baseline_budget (test_research_adapters.ResearchTests) ... ok
test_submit_is_actual_process_and_overlaps_approved_execution (test_research_adapters.ResearchTests) ... ok
test_supported_horizons_and_mismatched_lengths (test_research_adapters.ResearchTests) ... ok
test_timeout_and_stop_cancel_without_second_request (test_research_adapters.ResearchTests) ... ok
test_unknown_ids_bad_roi_schema_fail_without_launch (test_research_adapters.ResearchTests) ... ok
test_world_cancel_stale_epoch_and_expired_budget (test_research_adapters.ResearchTests) ... ok
test_world_process_source_timestamps_version_and_no_private_inputs (test_research_adapters.ResearchTests) ... ok
test_already_queued_proposals_drain_during_motion_without_nested_execute (test_research_adapters.RpcMultiplexTests) ... ok
test_current_observation_projection_drops_private_state_poison (test_research_adapters.RpcMultiplexTests) ... ok
test_out_of_order_replies_preserve_execution_result_binding (test_research_adapters.RpcMultiplexTests) ... ok
test_archived_rgb_projection_hash_integrity_and_partial_failure (test_platform_v1.BoundaryRegressionTests) ... ok
test_model_observe_and_finish_consumed_once_through_gate (test_platform_v1.BoundaryRegressionTests) ... ok
test_owner_minimum_check_cannot_be_omitted (test_platform_v1.BoundaryRegressionTests) ... ok
test_partial_result_preserves_completed_prefix_and_remainder (test_platform_v1.BoundaryRegressionTests) ... ok
test_preflight_failure_before_scene_has_durable_report (test_platform_v1.BoundaryRegressionTests) ... ok
test_runner_preserves_malformed_partial_stream_and_cleanup_failure (test_platform_v1.BoundaryRegressionTests)
Real local child process, entirely fake scene owner; no GPU/model/SDK. ... ok
test_unexpected_backend_exception_does_not_claim_nothing_executed (test_platform_v1.BoundaryRegressionTests) ... ok
test_chunk_cap_allows_observe_but_no_13th_action (test_platform_v1.Tests) ... ok
test_client_binds_reply_and_does_not_invoke_executor (test_platform_v1.Tests) ... ok
test_engineering_targets_redacted_real_submitted_actions_preserved (test_platform_v1.Tests) ... ok
test_fake_candidate_cannot_be_changed_or_reused (test_platform_v1.Tests) ... ok
test_finish_ack_has_no_score_and_unknown_allowed (test_platform_v1.Tests) ... ok
test_private_score_not_dispatchable (test_platform_v1.Tests) ... ok
test_replay_never_executes_or_scores (test_platform_v1.Tests) ... ok
test_reset_requires_new_owner_process (test_platform_v1.Tests) ... ok
test_source_cannot_survive_execution_epoch (test_platform_v1.Tests) ... ok
test_stop_arrival_in_hook_prevents_next_step (test_platform_v1.Tests) ... ok
test_version_and_method_fields_fail_closed (test_platform_v1.Tests) ... ok
test_bbox_identity_current_state_are_distinct (test_full_pnp.ContractTests) ... ok
test_chunk_barrier_absolute_poses_and_nan (test_full_pnp.ContractTests) ... ok
test_frozen_legacy_copy (test_full_pnp.ContractTests) ... ok
test_gate_new_state_binding_barrier_refs_duplicate_and_rgb (test_full_pnp.ContractTests) ... ok
test_memory_only_completed_once_and_hypothesis_not_fact (test_full_pnp.ContractTests) ... ok
test_rgb_calibration_round_trip (test_full_pnp.ContractTests) ... ok
test_rgb_static_motion_and_unknown_not_hash_pass (test_full_pnp.ContractTests) ... ok
test_setup_held_disabled (test_full_pnp.ContractTests) ... ok
test_wire_excludes_private_answers_and_truth (test_full_pnp.ContractTests) ... ok
test_legacy_closing_preserves_payload_and_only_opening_detaches (test_full_pnp.PayloadTests) ... ok
test_B_action_from_actual_raw_and_frozen_payload (test_full_pnp_infer.InferTests) ... ok
test_E_parse_failure_prevents_A_launch (test_full_pnp_infer.InferTests) ... ok
test_F_runtime_E_then_A_uses_actual_bbox_and_hash (test_full_pnp_infer.InferTests) ... ok
test_STOP_owner_closes_without_second_request (test_full_pnp_infer.InferTests) ... ok
test_attempt_cap_and_preparation_launch_failures (test_full_pnp_infer.InferTests) ... ok
test_cancel_kills_stubborn_CLI_and_descendant_namespace (test_full_pnp_infer.InferTests) ... ok
test_cancel_preserves_partial_raw_and_reaps (test_full_pnp_infer.InferTests) ... ok
test_failure_audit_preserves_raw_usage_and_actual_wire (test_full_pnp_infer.InferTests) ... ok
test_preflight_same_sandbox_versions_only (test_full_pnp_infer.InferTests) ... ok
test_raw_failure_api_failure_missing_no_fallback_or_retry (test_full_pnp_infer.InferTests) ... ok
test_remaining_budget_in_actual_infer_marker (test_full_pnp_infer.InferTests) ... ok
test_tampered_frozen_payload_fails_before_infer (test_full_pnp_infer.InferTests) ... ok
test_timeout_and_late_result_do_not_adopt (test_full_pnp_infer.InferTests) ... ok
test_fixed_new_budget_and_failure_classification (test_full_pnp_infer.PairEntryTests) ... ok
test_no_enable_no_process_or_scene (test_full_pnp_infer.PairEntryTests) ... ok
test_pair_launches_exactly_B_F_with_fresh_caps (test_full_pnp_infer.PairEntryTests) ... ok
test_pair_protocol_failure_does_not_launch_F (test_full_pnp_infer.PairEntryTests) ... ok
test_preflight_failure_before_backend_creation (test_full_pnp_infer.PairEntryTests) ... ok
test_E_cannot_return_actions (test_full_pnp_runtime.RuntimeTests) ... ok
test_model_stop_during_execution_withdraws_permission (test_full_pnp_runtime.RuntimeTests) ... ok
test_no_valid_candidate_keeps_drives_and_physics_ticks (test_full_pnp_runtime.RuntimeTests) ... ok
test_parent_failure_invalidates_candidate_and_no_history_success (test_full_pnp_runtime.RuntimeTests) ... ok
test_scheduler_runs_during_motion_but_never_across_gripper (test_full_pnp_runtime.RuntimeTests) ... ok
test_stop_discards_future_and_prevents_commands (test_full_pnp_runtime.RuntimeTests) ... ok
test_worker_slot_refuses_second_request (test_full_pnp_runtime.RuntimeTests) ... ok
test_worker_timeout_cannot_start_second_request (test_full_pnp_runtime.RuntimeTests) ... ok
test_different_observed_pixels_change_stub_pose (test_full_pnp_runtime.WireAndRGBTests) ... ok
test_final_infer_payload_and_strict_role_schemas (test_full_pnp_runtime.WireAndRGBTests) ... ok
test_task_revision_and_E_hash_invalidate (test_full_pnp_runtime.WireAndRGBTests) ... ok
test_actual_raw_preserved_B_A_E_and_failure_never_falls_back (test_full_pnp_review.AttemptTests) ... ok
test_all_failure_stages_produce_audit_and_keep_null_usage (test_full_pnp_review.AttemptTests) ... ok
test_nonzero_missing_candidate_usage_and_late_raw_are_preserved (test_full_pnp_review.AttemptTests) ... ok
test_actual_boundary_captures_RGB_and_rejects_object_motion (test_full_pnp_review.BoundaryTests) ... ok
test_chunk_13_rejected_but_observe_finish_allowed_after_12 (test_full_pnp_review.BoundaryTests) ... ok
test_guard_pass_dispatches_using_real_fresh_observation_and_noop_skips (test_full_pnp_review.BoundaryTests) ... ok
test_partial_prefix_survives_guard_rejection_and_no_gripper (test_full_pnp_review.BoundaryTests) ... ok
test_thirteenth_candidate_is_discarded_before_adoption (test_full_pnp_review.BoundaryTests) ... ok
test_carry_allows_object_motion_with_tool_but_rejects_changed_goal (test_full_pnp_review.DependencyTests) ... ok
test_carry_rejects_relative_slip (test_full_pnp_review.DependencyTests) ... ok
test_clear_empty_pregrasp_open_needs_no_goal (test_full_pnp_review.DependencyTests) ... ok
test_empty_move_cannot_omit_object_anchor (test_full_pnp_review.DependencyTests) ... ok
test_gate_rejects_model_only_rgb_vote_for_move (test_full_pnp_review.DependencyTests) ... ok
test_move_open_defers_spatial_release_check_until_boundary (test_full_pnp_review.DependencyTests) ... ok
test_noop_unknown_and_possible_release_are_distinct (test_full_pnp_review.DependencyTests) ... ok
test_release_at_goal_valid_and_degenerate_cameras_unknown (test_full_pnp_review.DependencyTests) ... ok
test_upward_retreat_does_not_require_static_goal_or_object (test_full_pnp_review.DependencyTests) ... ok

----------------------------------------------------------------------
Ran 214 tests in 54.227s

OK
