{
  "candidate_cases": [
    {
      "decision": "planned",
      "status": "PASS_FAKE_CONTRACT_ONLY",
      "source": "FAKE_MODEL_RAW"
    },
    {
      "decision": "refused",
      "status": "PASS_FAKE_CONTRACT_ONLY",
      "source": "FAKE_MODEL_RAW"
    },
    {
      "decision": "need_more_evidence",
      "status": "PASS_FAKE_CONTRACT_ONLY",
      "source": "FAKE_MODEL_RAW"
    }
  ],
  "faults": [
    [
      "unchanged",
      null,
      "coarse"
    ],
    [
      "holes",
      null,
      "unknown"
    ],
    [
      "wrist_holes",
      null,
      "coarse"
    ],
    [
      "occlusion",
      null,
      "unknown"
    ],
    [
      "bad_fk",
      "UPDATE_FK_INCONSISTENT",
      null
    ],
    [
      "nan",
      "DEPTH_VALIDITY_VALUES",
      null
    ]
  ]
}
