{
  "status": "ARCHIVED_ENGINEERING_REPLAY_ONLY",
  "counts": [
    [
      "initial",
      4,
      0,
      2
    ],
    [
      "post_hold",
      4,
      4,
      2
    ],
    [
      "post_move_1",
      6,
      3,
      2
    ],
    [
      "post_move_2",
      7,
      5,
      2
    ],
    [
      "post_move_3",
      8,
      2,
      2
    ],
    [
      "post_move_4",
      9,
      3,
      2
    ]
  ],
  "profile": {
    "pipeline_wall_s": 24.95932938097394,
    "CPU_s": 24.877281389,
    "peak_RSS_MiB": 288.6796875
  }
}
